LinuxCNC on Ubuntu 18.04 LTS using Preempt-RT (Realtime) 
===========================================================
wruslan@HP-EliteBook-8470p-Ub1804:~$ date
Fri Jan 17 16:06:28 +08 2020

wruslan@HP-EliteBook-8470p-Ub1804:~$ uname -a
Linux HP-EliteBook-8470p-Ub1804 4.19.94-rt38 #1 SMP PREEMPT RT 
Fri Jan 17 08:53:57 +08 2020 x86_64 x86_64 x86_64 GNU/Linux
 
wruslan@HP-EliteBook-8470p-Ub1804:~$ lsb_release -a
LSB Version:	core-9.20170808ubuntu1-noarch:security-9.20170808ubuntu1-noarch
Distributor ID:	Ubuntu
Description:	Ubuntu 18.04.3 LTS
Release:	18.04
Codename:	bionic
wruslan@HP-EliteBook-8470p-Ub1804:~$ 

===========================================================
Download linuxcnc source code using git clone
===========================================================
wruslan@HP-EliteBook-8470p-Ub1804:~/apps/apps1$ git clone https://github.com/LinuxCNC/linuxcnc.git linuxcnc
Cloning into 'linuxcnc'...
remote: Enumerating objects: 104, done.
remote: Counting objects: 100% (104/104), done.
remote: Compressing objects: 100% (72/72), done.
remote: Total 219637 (delta 54), reused 67 (delta 27), pack-reused 219533
Receiving objects: 100% (219637/219637), 134.01 MiB | 834.00 KiB/s, done.
Resolving deltas: 100% (167334/167334), done.
Checking out files: 100% (6219/6219), done.

NEW DIRECTORY CREATED
==========================================================
wruslan@HP-EliteBook-8470p-Ub1804:~/apps/apps1$ ls -al
total 20
drwxr-xr-x  4 wruslan wruslan 4096 Jan 17 16:10 .
drwxr-xr-x  3 wruslan wruslan 4096 Jan 17 10:39 ..
drwxr-xr-x 18 wruslan wruslan 4096 Jan 17 15:55 linuxcnc  <=== SOURCE CODE DIRECTORY
wruslan@HP-EliteBook-8470p-Ub1804:~/apps/apps1$ 

LinuxCNC Packages - LinuxCNC debian packages aka .deb files can be installed on a system with dpkg from the command line or with GDebi as a graphical install method. 
You will need to have a Preempt RT kernel to run Uspace.

    LinuxCNC Uspace 2.7.14 64bit
    LinuxCNC Uspace 2.7.14 32bit
    LinuxCNC Uspace 2.7.14 Docs
    LinuxCNC Uspace 2.7.14 Dev

SELECT VERSION TO INSTALL (ver 2.8 LATEST) WITH Uspace. 
==========================================================
wruslan@HP-EliteBook-8470p-Ub1804:~/apps/apps1$ cd linuxcnc/
wruslan@HP-EliteBook-8470p-Ub1804:~/apps/apps1/linuxcnc$ git checkout 2.8
Branch '2.8' set up to track remote branch '2.8' from 'origin'.
Switched to a new branch '2.8'
wruslan@HP-EliteBook-8470p-Ub1804:~/apps/apps1/linuxcnc$

Contents of linuxcnc source folder
===========================================================
wruslan@HP-EliteBook-8470p-Ub1804:~/apps/apps1/linuxcnc$ ls -al
total 248
drwxr-xr-x 18 wruslan wruslan  4096 Jan 17 16:11 .
drwxr-xr-x  4 wruslan wruslan  4096 Jan 17 16:12 ..
drwxr-xr-x  2 wruslan wruslan  4096 Jan 17 15:55 bin
drwxr-xr-x  8 wruslan wruslan  4096 Jan 17 15:55 configs
-rw-r--r--  1 wruslan wruslan 18092 Jan 17 15:55 COPYING
-rw-r--r--  1 wruslan wruslan 43090 Jan 17 15:55 COPYING.more
drwxr-xr-x  5 wruslan wruslan  4096 Jan 17 16:11 debian
drwxr-xr-x  6 wruslan wruslan  4096 Jan 17 16:11 docs
drwxr-xr-x  8 wruslan wruslan  4096 Jan 17 16:11 .git
-rw-r--r--  1 wruslan wruslan    37 Jan 17 15:55 .gitattributes
-rw-r--r--  1 wruslan wruslan   695 Jan 17 15:55 .gitignore
drwxr-xr-x  2 wruslan wruslan  4096 Jan 17 15:55 gnupg
drwxr-xr-x  2 wruslan wruslan  4096 Jan 17 15:55 include
-rw-r--r--  1 wruslan wruslan  1374 Jan 17 15:55 ISSUE_TEMPLATE.md
drwxr-xr-x  4 wruslan wruslan  4096 Jan 17 15:55 lib
-rw-r--r--  1 wruslan wruslan  8718 Jan 17 15:55 linuxcnc.gif
-rw-r--r--  1 wruslan wruslan  4198 Jan 17 15:55 linuxcncicon.png
-rw-r--r--  1 wruslan wruslan  6971 Jan 17 15:55 linuxcnc-wizard.gif
-rw-r--r--  1 wruslan wruslan 45094 Jan 17 15:55 linuxcnc.xcf
-rw-r--r--  1 wruslan wruslan  7250 Jan 17 15:55 meson.build
drwxr-xr-x 11 wruslan wruslan  4096 Jan 17 15:55 nc_files
-rw-r--r--  1 wruslan wruslan  1043 Jan 17 15:55 README.md
drwxr-xr-x  2 wruslan wruslan  4096 Jan 17 15:55 rtlib
drwxr-xr-x  2 wruslan wruslan  4096 Jan 17 16:11 scripts
drwxr-xr-x 11 wruslan wruslan  4096 Jan 17 15:55 share
drwxr-xr-x 11 wruslan wruslan  4096 Jan 17 16:11 src
drwxr-xr-x  4 wruslan wruslan  4096 Jan 17 16:11 tcl
drwxr-xr-x 69 wruslan wruslan  4096 Jan 17 16:11 tests
-rw-r--r--  1 wruslan wruslan   722 Jan 17 15:55 TODO
-rw-r--r--  1 wruslan wruslan   262 Jan 17 15:55 .travis.yml
drwxr-xr-x  4 wruslan wruslan  4096 Jan 17 15:55 unit_tests
-rw-r--r--  1 wruslan wruslan    11 Jan 17 16:11 VERSION
wruslan@HP-EliteBook-8470p-Ub1804:~/apps/apps1/linuxcnc$ 

===========================================================
UPDATE SYSTEM AND INSTALLED PACKAGES
===========================================================
wruslan@HP-EliteBook-8470p-Ub1804:~/apps/apps1/linuxcnc$ sudo updatedb
wruslan@HP-EliteBook-8470p-Ub1804:~/apps/apps1/linuxcnc$ sudo ldconfig
wruslan@HP-EliteBook-8470p-Ub1804:~/apps/apps1/linuxcnc$ sudo depmod -a
wruslan@HP-EliteBook-8470p-Ub1804:~/apps/apps1/linuxcnc$ 

===========================================================
NOTE: CHANGES MADE TIME STAMP = 16:11

wruslan@HP-EliteBook-8470p-Ub1804:~/apps/apps1/linuxcnc$ ls -al
total 248
drwxr-xr-x 18 wruslan wruslan  4096 Jan 17 16:11 .          <=====
drwxr-xr-x  4 wruslan wruslan  4096 Jan 17 17:17 ..
drwxr-xr-x  2 wruslan wruslan  4096 Jan 17 15:55 bin
drwxr-xr-x  8 wruslan wruslan  4096 Jan 17 15:55 configs
-rw-r--r--  1 wruslan wruslan 18092 Jan 17 15:55 COPYING
-rw-r--r--  1 wruslan wruslan 43090 Jan 17 15:55 COPYING.more
drwxr-xr-x  5 wruslan wruslan  4096 Jan 17 16:11 debian     <======
drwxr-xr-x  6 wruslan wruslan  4096 Jan 17 16:11 docs       <======
drwxr-xr-x  8 wruslan wruslan  4096 Jan 17 16:11 .git       <======
-rw-r--r--  1 wruslan wruslan    37 Jan 17 15:55 .gitattributes
-rw-r--r--  1 wruslan wruslan   695 Jan 17 15:55 .gitignore
drwxr-xr-x  2 wruslan wruslan  4096 Jan 17 15:55 gnupg
drwxr-xr-x  2 wruslan wruslan  4096 Jan 17 15:55 include
-rw-r--r--  1 wruslan wruslan  1374 Jan 17 15:55 ISSUE_TEMPLATE.md
drwxr-xr-x  4 wruslan wruslan  4096 Jan 17 15:55 lib
-rw-r--r--  1 wruslan wruslan  8718 Jan 17 15:55 linuxcnc.gif
-rw-r--r--  1 wruslan wruslan  4198 Jan 17 15:55 linuxcncicon.png
-rw-r--r--  1 wruslan wruslan  6971 Jan 17 15:55 linuxcnc-wizard.gif
-rw-r--r--  1 wruslan wruslan 45094 Jan 17 15:55 linuxcnc.xcf
-rw-r--r--  1 wruslan wruslan  7250 Jan 17 15:55 meson.build
drwxr-xr-x 11 wruslan wruslan  4096 Jan 17 15:55 nc_files
-rw-r--r--  1 wruslan wruslan  1043 Jan 17 15:55 README.md
drwxr-xr-x  2 wruslan wruslan  4096 Jan 17 15:55 rtlib
drwxr-xr-x  2 wruslan wruslan  4096 Jan 17 16:11 scripts     <=======
drwxr-xr-x 11 wruslan wruslan  4096 Jan 17 15:55 share
drwxr-xr-x 11 wruslan wruslan  4096 Jan 17 16:11 src         <=======
drwxr-xr-x  4 wruslan wruslan  4096 Jan 17 16:11 tcl         <=======
drwxr-xr-x 69 wruslan wruslan  4096 Jan 17 16:11 tests
-rw-r--r--  1 wruslan wruslan   722 Jan 17 15:55 TODO
-rw-r--r--  1 wruslan wruslan   262 Jan 17 15:55 .travis.yml
drwxr-xr-x  4 wruslan wruslan  4096 Jan 17 15:55 unit_tests
-rw-r--r--  1 wruslan wruslan    11 Jan 17 16:11 VERSION
wruslan@HP-EliteBook-8470p-Ub1804:~/apps/apps1/linuxcnc$ 

===========================================================
wruslan@HP-EliteBook-8470p-Ub1804:~/apps/apps1/linuxcnc$ cd ./src
wruslan@HP-EliteBook-8470p-Ub1804:~/apps/apps1/linuxcnc/src$ ls -al
total 216
drwxr-xr-x 11 wruslan wruslan  4096 Jan 17 16:11 .
drwxr-xr-x 18 wruslan wruslan  4096 Jan 17 16:11 ..
-rwxr-xr-x  1 wruslan wruslan   250 Jan 17 15:55 autogen.sh
-rw-r--r--  1 wruslan wruslan 11082 Jan 17 15:55 CodingStyle
-rw-r--r--  1 wruslan wruslan 58710 Jan 17 15:55 configure.ac
-rw-r--r--  1 wruslan wruslan  7937 Jan 17 15:55 doxconfig
drwxr-xr-x 16 wruslan wruslan  4096 Jan 17 15:55 emc
drwxr-xr-x  3 wruslan wruslan  4096 Jan 17 15:55 external
-rw-r--r--  1 wruslan wruslan   258 Jan 17 15:55 .gitignore
drwxr-xr-x  7 wruslan wruslan  4096 Jan 17 16:11 hal
drwxr-xr-x 10 wruslan wruslan  4096 Jan 17 15:55 libnml
drwxr-xr-x  2 wruslan wruslan  4096 Jan 17 15:55 m4
-rw-r--r--  1 wruslan wruslan 47551 Jan 17 16:11 Makefile
-rwxr-xr-x  1 wruslan wruslan  5174 Jan 17 15:55 Makefile.inc.in
-rw-r--r--  1 wruslan wruslan  3437 Jan 17 15:55 Makefile.modinc.in
-rw-r--r--  1 wruslan wruslan    38 Jan 17 15:55 meson.build
-rw-r--r--  1 wruslan wruslan   486 Jan 17 15:55 modsilent.py
drwxr-xr-x  2 wruslan wruslan  4096 Jan 17 15:55 module_helper
-rw-r--r--  1 wruslan wruslan   883 Jan 17 15:55 move-if-change
drwxr-xr-x  3 wruslan wruslan  4096 Jan 17 15:55 po
drwxr-xr-x  3 wruslan wruslan  4096 Jan 17 16:11 rtapi
-rw-r--r--  1 wruslan wruslan   907 Jan 17 15:55 Submakefile.skel
-rw-r--r--  1 wruslan wruslan  1573 Jan 17 15:55 .swish_config
drwxr-xr-x  2 wruslan wruslan  4096 Jan 17 15:55 tests
-rw-r--r--  1 wruslan wruslan   934 Jan 17 15:55 .vimrc
wruslan@HP-EliteBook-8470p-Ub1804:~/apps/apps1/linuxcnc/src$ 

CONFIGURE LINUXCNC WITH PREEMPT_RT(uspace)
===========================================================
wruslan@HP-EliteBook-8470p-Ub1804:~/apps/apps1/linuxcnc/src$ ./autogen.sh 
wruslan@HP-EliteBook-8470p-Ub1804:~/apps/apps1/linuxcnc/src$ 
wruslan@HP-EliteBook-8470p-Ub1804:~/apps/apps1/linuxcnc/src$ ./configure --with-realtime=uspace
....
....
SOLUTION 1
===========
wruslan@HP-EliteBook-8470p-Ub1804:~/apps/apps1/linuxcnc/src$ sudo apt-get install libtk-img
....
....
SOLUTION 2
===========
wruslan@HP-EliteBook-8470p-Ub1804:~/apps/apps1/linuxcnc/src$ sudo apt-get install tclx
....
....
REPEAT CONFIGURE LINUXCNC WITH PREEMPT_RT(uspace) SUCCESSFUL
===========================================================
wruslan@HP-EliteBook-8470p-Ub1804:~/apps/apps1/linuxcnc/src$ ./configure --with-realtime=uspace
checking for g++... g++
checking whether the C++ compiler works... yes
checking for C++ compiler default output file name... a.out
checking for suffix of executables... 
checking whether we are cross compiling... noREPEAT CONFIGURE PREEMPT_RT(uspace)
checking for suffix of object files... o
checking whether we are using the GNU C++ compiler... yes
checking whether g++ accepts -g... yes
checking how to run the C++ preprocessor... g++ -E
checking for grep that handles long lines and -e... /bin/grep
checking for egrep... /bin/grep -E
checking for ANSI C header files... yes
checking for sys/types.h... yes
checking for sys/stat.h... yes
checking for stdlib.h... yes
checking for string.h... yes
checking for memory.h... yes
checking for strings.h... yes
checking for inttypes.h... yes
checking for stdint.h... yes
checking for unistd.h... yes
checking boost/lockfree/queue.hpp usability... yes
checking boost/lockfree/queue.hpp presence... yes
checking for boost/lockfree/queue.hpp... yes
checking whether g++ supports C++11 features by default... yes
checking build toplevel... /home/wruslan/apps/apps1/linuxcnc
checking installation prefix... run in place
checking for grep... (cached) /bin/grep
checking for egrep... (cached) /bin/grep -E
checking for pkg-config... /usr/bin/pkg-config
checking for gcc... gcc
checking whether we are using the GNU C compiler... yes
checking whether gcc accepts -g... yes
checking for gcc option to accept ISO C89... none needed
checking how to run the C preprocessor... gcc -E
checking rpc/rpc.h usability... yes
checking rpc/rpc.h presence... yes
checking for rpc/rpc.h... yes
checking for rtai-config... none
checking for xeno-config... /usr/bin/xeno-config
checking for realtime API(s) to use... uspace+xenomai
checking whether to enable userspace PCI access... yes
checking for libudev... yes - version 237
checking for cc version... not specified
checking whether we are using the GNU C compiler... (cached) yes
checking whether gcc accepts -g... (cached) yes
checking for gcc option to accept ISO C89... (cached) none needed
checking how to run the C preprocessor... gcc -E
checking for usability of linux/hidraw.h... yes
checking for usability of rpc/rpc.h... yes
checking for libmodbus3... yes - version 3.0.6
checking for libusb-1.0... yes
checking for module installation directory... configuring for run-in-place
/home/wruslan/apps/apps1/linuxcnc/rtlib
checking for glib... yes - 2.56.4
checking for GTK 2.4.0 or above... yes - 2.24.32
checking for libgnomeprintui-2.2... no -- printing from classicladder will not be possible
checking whether make sets $(MAKE)... yes
checking for ranlib... ranlib
checking for ar... /usr/bin/ar
checking for install... /usr/bin/install
checking for sed... /bin/sed
checking for ps... /bin/ps
checking for kill... /bin/kill
checking for whoami... /usr/bin/whoami
checking for awk... /usr/bin/awk
checking for insmod... /sbin/insmod
checking for rmmod... /sbin/rmmod
checking for lsmod... /sbin/lsmod
checking for pidof... /bin/pidof
checking for ipcs... /usr/bin/ipcs
checking for fuser... /bin/fuser
checking for yapps... /usr/bin/yapps
checking for mandb... /usr/bin/mandb
checking for intltool-extract... /usr/bin/intltool-extract
checking for yapps... (cached) /usr/bin/yapps
checking for python... /usr/bin/python
checking whether to build documentation... no
checking sys/io.h usability... yes
checking sys/io.h presence... yes
checking for sys/io.h... yes
checking for ANSI C header files... (cached) yes
checking for sys/wait.h that is POSIX.1 compatible... yes
checking for semtimedop... yes
checking for sincos function... yes
checking for __sincos... no
checking for optreset... no
checking for library containing dlopen... -ldl
checking for library containing clock_nanosleep... none required
checking for tcl... /usr/lib/tcl8.6/tclConfig.sh found
checking for tk... /usr/lib/tk8.6/tkConfig.sh found
checking whether to check for runtime dependencies... yes
checking for BWidget using /usr/bin/tclsh8.6... found
checking for BLT using tclsh8.5... not found
checking for img::png using /usr/bin/tclsh8.6... found
checking for tclX using /usr/bin/tclsh8.6... found
checking for python pango and cairo modules... found
checking for X... libraries , headers 
checking for gethostbyname... yes
checking for connect... yes
checking for remove... yes
checking for shmat... yes
checking for IceConnectionNumber in -lICE... yes
checking X11/extensions/Xinerama.h usability... yes
checking X11/extensions/Xinerama.h presence... yes
checking for X11/extensions/Xinerama.h... yes
checking for XineramaQueryExtension in -lXinerama... yes
checking readline/readline.h usability... yes
checking readline/readline.h presence... yes
checking for readline/readline.h... yes
checking readline/history.h usability... yes
checking readline/history.h presence... yes
checking for readline/history.h... yes
Trying readline without -ltermcap
checking for readline in -lreadline... yes
Trying readline with -ltermcap
checking for readline in -lreadline... yes
Readline does not require -ltermcap
checking whether readline license is compatible with GPL-2... yes
checking locale.h usability... yes
checking locale.h presence... yes
checking for locale.h... yes
checking for setlocale... yes
checking libintl.h usability... yes
checking libintl.h presence... yes
checking for libintl.h... yes
checking for gettext in -lintl... no
checking for xgettext... /usr/bin/xgettext
checking for msgfmt... /usr/bin/msgfmt
checking python version... OK
checking version of python libraries... python2.7
checking match between tk and Tkinter versions... 8.6
checking location of Python header files... /usr/include/python2.7
checking for Python headers... -I/usr/include/python2.7
checking for Python libraries... -lpthread -ldl  -lutil
checking whether the Boost::Python headers are available... yes
checking for boost::python shared library... -lboost_python
checking /usr/include/python2.7/Python.h usability... yes
checking /usr/include/python2.7/Python.h presence... yes
checking for /usr/include/python2.7/Python.h... yes
checking for site-package location... /usr/lib/python2.7/dist-packages
checking GL/gl.h usability... yes
checking GL/gl.h presence... yes
checking for GL/gl.h... yes
checking GL/glu.h usability... yes
checking GL/glu.h presence... yes
checking for GL/glu.h... yes
checking for glBegin in -lGL... yes
checking for working GLU quadrics... yes
checking for Xmu headers... checking X11/Xmu/Xmu.h usability... yes
checking X11/Xmu/Xmu.h presence... yes
checking for X11/Xmu/Xmu.h... yes
configure: creating ./config.status
config.status: creating ../scripts/rtapi.conf
config.status: creating ../scripts/linuxcnc
config.status: creating ../scripts/halrun
config.status: creating ../scripts/rip-environment
config.status: creating ../scripts/haltcl
config.status: creating ../scripts/halcmd_twopass
config.status: creating ../scripts/realtime
config.status: creating ../scripts/linuxcnc_var
config.status: creating Makefile.inc
config.status: creating Makefile.modinc
config.status: creating ../tcl/linuxcnc.tcl
config.status: creating ../lib/python/nf.py
config.status: creating ../scripts/linuxcncmkdesktop
config.status: creating ../share/applications/linuxcnc-latency.desktop
config.status: creating ../share/applications/linuxcnc.desktop
config.status: creating ../share/desktop-directories/cnc.directory
config.status: creating ../share/menus/CNC.menu
config.status: creating config.h


######################################################################
#                LinuxCNC - Enhanced Machine Controller              #
######################################################################
#                                                                    #
#   LinuxCNC is a software system for computer control of machine    #
#   tools such as milling machines. LinuxCNC is released under the   #
#   GPL.  Check out http://www.linuxcnc.org/ for more details.       #
#                                                                    #
#                                                                    #
#   It seems that ./configure completed successfully.                #
#   This means that RT is properly installed                         #
#   If things don't work check config.log for errors & warnings      #
#                                                                    #
#   Next compile by typing                                           #
#         make                                                       #
#         sudo make setuid                                           #
#          (if realtime behavior and hardware access are required)   #
#                                                                    #
#   Before running the software, set the environment:                #
#         . (top dir)/scripts/rip-environment                        #
#                                                                    #
#   To run the software type                                         #
#         linuxcnc                                                   #
#                                                                    #
######################################################################


wruslan@HP-EliteBook-8470p-Ub1804:~/apps/apps1/linuxcnc/src$ 

===========================================================
REPEAT CONFIGURE PREEMPT_RT(uspace) PLUS HTML DOCUMENTATION
===========================================================
wruslan@HP-EliteBook-8470p-Ub1804:~/apps/apps1/linuxcnc/src$ ./configure --with-realtime=uspace  --enable-build-documentation=html
checking for g++... g++
checking whether the C++ compiler works... yes
checking for C++ compiler default output file name... a.out
checking for suffix of executables... 
checking whether we are cross compiling... no
checking for suffix of object files... o
checking whether we are using the GNU C++ compiler... yes
checking whether g++ accepts -g... yes
checking how to run the C++ preprocessor... g++ -E
checking for grep that handles long lines and -e... /bin/grep
checking for egrep... /bin/grep -E
checking for ANSI C header files... yes
checking for sys/types.h... yes
checking for sys/stat.h... yes
checking for stdlib.h... yes
checking for string.h... yes
checking for memory.h... yes
checking for strings.h... yes
checking for inttypes.h... yes
checking for stdint.h... yes
checking for unistd.h... yes
checking boost/lockfree/queue.hpp usability... yes
checking boost/lockfree/queue.hpp presence... yes
checking for boost/lockfree/queue.hpp... yes
checking whether g++ supports C++11 features by default... yes
checking build toplevel... /home/wruslan/apps/apps1/linuxcnc
checking installation prefix... run in place
checking for grep... (cached) /bin/grep
checking for egrep... (cached) /bin/grep -E
checking for pkg-config... /usr/bin/pkg-config
checking for gcc... gcc
checking whether we are using the GNU C compiler... yes
checking whether gcc accepts -g... yes
checking for gcc option to accept ISO C89... none needed
checking how to run the C preprocessor... gcc -E
checking rpc/rpc.h usability... yes
checking rpc/rpc.h presence... yes
checking for rpc/rpc.h... yes
checking for rtai-config... none
checking for xeno-config... /usr/bin/xeno-config
checking for realtime API(s) to use... uspace+xenomai
checking whether to enable userspace PCI access... yes
checking for libudev... yes - version 237
checking for cc version... not specified
checking whether we are using the GNU C compiler... (cached) yes
checking whether gcc accepts -g... (cached) yes
checking for gcc option to accept ISO C89... (cached) none needed
checking how to run the C preprocessor... gcc -E
checking for usability of linux/hidraw.h... yes
checking for usability of rpc/rpc.h... yes
checking for libmodbus3... yes - version 3.0.6
checking for libusb-1.0... yes
checking for module installation directory... configuring for run-in-place
/home/wruslan/apps/apps1/linuxcnc/rtlib
checking for glib... yes - 2.56.4
checking for GTK 2.4.0 or above... yes - 2.24.32
checking for libgnomeprintui-2.2... no -- printing from classicladder will not be possible
checking whether make sets $(MAKE)... yes
checking for ranlib... ranlib
checking for ar... /usr/bin/ar
checking for install... /usr/bin/install
checking for sed... /bin/sed
checking for ps... /bin/ps
checking for kill... /bin/kill
checking for whoami... /usr/bin/whoami
checking for awk... /usr/bin/awk
checking for insmod... /sbin/insmod
checking for rmmod... /sbin/rmmod
checking for lsmod... /sbin/lsmod
checking for pidof... /bin/pidof
checking for ipcs... /usr/bin/ipcs
checking for fuser... /bin/fuser
checking for yapps... /usr/bin/yapps
checking for mandb... /usr/bin/mandb
checking for intltool-extract... /usr/bin/intltool-extract
checking for yapps... (cached) /usr/bin/yapps
checking for python... /usr/bin/python
checking whether to build documentation... HTML requested
checking for asciidoc... /usr/bin/asciidoc
checking for a2x... /usr/bin/a2x
checking whether to specify latex.encoding... no
checking for dblatex... /usr/bin/dblatex
checking dblatex version... 0.3.10
checking for source-highlight... /usr/bin/source-highlight
checking for convert... /usr/bin/convert
checking for gs... /usr/bin/gs
checking for xsltproc... /usr/bin/xsltproc
checking for dvipng... /usr/bin/dvipng
checking for HTML support in groff... yes
checking for checklink... /usr/bin/checklink
checking sys/io.h usability... yes
checking sys/io.h presence... yes
checking for sys/io.h... yes
checking for ANSI C header files... (cached) yes
checking for sys/wait.h that is POSIX.1 compatible... yes
checking for semtimedop... yes
checking for sincos function... yes
checking for __sincos... no
checking for optreset... no
checking for library containing dlopen... -ldl
checking for library containing clock_nanosleep... none required
checking for tcl... /usr/lib/tcl8.6/tclConfig.sh found
checking for tk... /usr/lib/tk8.6/tkConfig.sh found
checking whether to check for runtime dependencies... yes
checking for BWidget using /usr/bin/tclsh8.6... found
checking for BLT using tclsh8.5... not found
checking for img::png using /usr/bin/tclsh8.6... found
checking for tclX using /usr/bin/tclsh8.6... found
checking for python pango and cairo modules... found
checking for X... libraries , headers 
checking for gethostbyname... yes
checking for connect... yes
checking for remove... yes
checking for shmat... yes
checking for IceConnectionNumber in -lICE... yes
checking X11/extensions/Xinerama.h usability... yes
checking X11/extensions/Xinerama.h presence... yes
checking for X11/extensions/Xinerama.h... yes
checking for XineramaQueryExtension in -lXinerama... yes
checking readline/readline.h usability... yes
checking readline/readline.h presence... yes
checking for readline/readline.h... yes
checking readline/history.h usability... yes
checking readline/history.h presence... yes
checking for readline/history.h... yes
Trying readline without -ltermcap
checking for readline in -lreadline... yes
Trying readline with -ltermcap
checking for readline in -lreadline... yes
Readline does not require -ltermcap
checking whether readline license is compatible with GPL-2... yes
checking locale.h usability... yes
checking locale.h presence... yes
checking for locale.h... yes
checking for setlocale... yes
checking libintl.h usability... yes
checking libintl.h presence... yes
checking for libintl.h... yes
checking for gettext in -lintl... no
checking for xgettext... /usr/bin/xgettext
checking for msgfmt... /usr/bin/msgfmt
checking python version... OK
checking version of python libraries... python2.7
checking match between tk and Tkinter versions... 8.6
checking location of Python header files... /usr/include/python2.7
checking for Python headers... -I/usr/include/python2.7
checking for Python libraries... -lpthread -ldl  -lutil
checking whether the Boost::Python headers are available... yes
checking for boost::python shared library... -lboost_python
checking /usr/include/python2.7/Python.h usability... yes
checking /usr/include/python2.7/Python.h presence... yes
checking for /usr/include/python2.7/Python.h... yes
checking for site-package location... /usr/lib/python2.7/dist-packages
checking GL/gl.h usability... yes
checking GL/gl.h presence... yes
checking for GL/gl.h... yes
checking GL/glu.h usability... yes
checking GL/glu.h presence... yes
checking for GL/glu.h... yes
checking for glBegin in -lGL... yes
checking for working GLU quadrics... yes
checking for Xmu headers... checking X11/Xmu/Xmu.h usability... yes
checking X11/Xmu/Xmu.h presence... yes
checking for X11/Xmu/Xmu.h... yes
configure: creating ./config.status
config.status: creating ../scripts/rtapi.conf
config.status: creating ../scripts/linuxcnc
config.status: creating ../scripts/halrun
config.status: creating ../scripts/rip-environment
config.status: creating ../scripts/haltcl
config.status: creating ../scripts/halcmd_twopass
config.status: creating ../scripts/realtime
config.status: creating ../scripts/linuxcnc_var
config.status: creating Makefile.inc
config.status: creating Makefile.modinc
config.status: creating ../tcl/linuxcnc.tcl
config.status: creating ../lib/python/nf.py
config.status: creating ../scripts/linuxcncmkdesktop
config.status: creating ../share/applications/linuxcnc-latency.desktop
config.status: creating ../share/applications/linuxcnc.desktop
config.status: creating ../share/desktop-directories/cnc.directory
config.status: creating ../share/menus/CNC.menu
config.status: creating config.h
config.status: config.h is unchanged


######################################################################
#                LinuxCNC - Enhanced Machine Controller              #
######################################################################
#                                                                    #
#   LinuxCNC is a software system for computer control of machine    #
#   tools such as milling machines. LinuxCNC is released under the   #
#   GPL.  Check out http://www.linuxcnc.org/ for more details.       #
#                                                                    #
#                                                                    #
#   It seems that ./configure completed successfully.                #
#   This means that RT is properly installed                         #
#   If things don't work check config.log for errors & warnings      #
#                                                                    #
#   Next compile by typing                                           #
#         make                                                       #
#         sudo make setuid                                           #
#          (if realtime behavior and hardware access are required)   #
#                                                                    #
#   Before running the software, set the environment:                #
#         . (top dir)/scripts/rip-environment                        #
#                                                                    #
#   To run the software type                                         #
#         linuxcnc                                                   #
#                                                                    #
######################################################################


wruslan@HP-EliteBook-8470p-Ub1804:~/apps/apps1/linuxcnc/src$ 

===========================================================
COMPILE LINUXCNC WITH make
===========================================================
wruslan@HP-EliteBook-8470p-Ub1804:~/apps/apps1/linuxcnc/src$ make
....
....
Reading 0/192 dependency files
Done reading dependencies
Reading 0/207 realtime dependency files
Done reading realtime dependencies
Compiling libnml/inifile/inifile.cc
Creating shared library liblinuxcncini.so.0
ln -sf liblinuxcncini.so.0 ../lib/liblinuxcncini.so
Compiling libnml/inifile/inivar.cc
Linking inivar
Compiling libnml/posemath/_posemath.c
Compiling libnml/posemath/posemath.cc
Compiling libnml/posemath/gomath.c
Compiling libnml/posemath/sincos.c
Creating shared library libposemath.so.0
ln -sf libposemath.so.0 ../lib/libposemath.so
Compiling libnml/rcs/rcs_print.cc
Compiling libnml/rcs/rcs_exit.cc
Compiling libnml/os_intf/_sem.c
Compiling libnml/os_intf/_shm.c
Compiling libnml/os_intf/_timer.c
Compiling libnml/os_intf/sem.cc
Compiling libnml/os_intf/shm.cc
Compiling libnml/os_intf/timer.cc
Compiling libnml/buffer/locmem.cc
Compiling libnml/buffer/memsem.cc
Compiling libnml/buffer/phantom.cc
Compiling libnml/buffer/physmem.cc
Compiling libnml/buffer/recvn.c
Compiling libnml/buffer/sendn.c
Compiling libnml/buffer/shmem.cc
Compiling libnml/buffer/tcpmem.cc
Compiling libnml/cms/cms.cc
Compiling libnml/cms/cms_aup.cc
Compiling libnml/cms/cms_cfg.cc
Compiling libnml/cms/cms_in.cc
Compiling libnml/cms/cms_dup.cc
Compiling libnml/cms/cms_pm.cc
Compiling libnml/cms/cms_srv.cc
Compiling libnml/cms/cms_up.cc
Compiling libnml/cms/cms_xup.cc
Compiling libnml/cms/cmsdiag.cc
Compiling libnml/cms/tcp_opts.cc
Compiling libnml/cms/tcp_srv.cc
Compiling libnml/nml/cmd_msg.cc
Compiling libnml/nml/nml_mod.cc
Compiling libnml/nml/nml_oi.cc
Compiling libnml/nml/nml_srv.cc
Compiling libnml/nml/nml.cc
Compiling libnml/nml/nmldiag.cc
Compiling libnml/nml/nmlmsg.cc
Compiling libnml/nml/stat_msg.cc
Compiling libnml/linklist/linklist.cc
Creating shared library libnml.so.0
ln -sf libnml.so.0 ../lib/libnml.so
Compiling rtapi/uspace_rtapi_app.cc
Compiling rtapi/uspace_rtapi_parport.cc
Compiling rtapi/uspace_rtapi_string.c
Compiling rtapi/rtapi_pci.cc
Linking rtapi_app
Compiling rtapi/test_rtapi_vsnprintf.c
Linking test_rtapi_vsnprintf
Compiling rtapi/uspace_xenomai.cc
Linking libuspace-xenomai.so.0
ln -sf libuspace-xenomai.so.0 ../lib/libuspace-xenomai.so
Compiling hal/components/streamer_usr.c
Compiling hal/hal_lib.c
Compiling rtapi/uspace_ulapi.c
Creating shared library liblinuxcnchal.so.0
Linking halstreamer
Compiling hal/components/sampler_usr.c
Linking halsampler
Compiling hal/components/panelui.c
Linking panelui
Compiling hal/user_comps/mb2hal/mb2hal.c
Compiling hal/user_comps/mb2hal/mb2hal_init.c
Compiling hal/user_comps/mb2hal/mb2hal_modbus.c
Compiling hal/user_comps/mb2hal/mb2hal_hal.c
Linking mb2hal
Compiling hal/user_comps/gs2_vfd.c
Linking gs2_vfd
Compiling hal/user_comps/hy_gt_vfd.c
Linking hy_gt_vfd
Compiling hal/user_comps/shuttle.c
Linking shuttle
Compiling hal/user_comps/xhc-hb04.cc
Linking xhc-hb04
Preprocessing thermistor.comp
Compiling objects/hal/user_comps/thermistor.c
ln -sf liblinuxcnchal.so.0 ../lib/liblinuxcnchal.so
Linking thermistor
Compiling hal/user_comps/vfs11_vfd/vfs11_vfd.c
Linking vfs11_vfd
Compiling hal/classicladder/arithm_eval.c
Compiling hal/classicladder/arrays.c
Compiling hal/classicladder/calc.c
Compiling hal/classicladder/calc_sequential.c
Compiling hal/classicladder/classicladder.c
Compiling hal/classicladder/classicladder_gtk.c
Compiling hal/classicladder/config.c
Compiling hal/classicladder/config_gtk.c
Compiling hal/classicladder/drawing.c
Compiling hal/classicladder/drawing_sequential.c
Compiling hal/classicladder/edit.c
Compiling hal/classicladder/edit_gtk.c
Compiling hal/classicladder/edit_sequential.c
Compiling hal/classicladder/editproperties_gtk.c
Compiling hal/classicladder/emc_mods.c
Compiling hal/classicladder/files.c
Compiling hal/classicladder/files_project.c
Compiling hal/classicladder/files_sequential.c
Compiling hal/classicladder/manager.c
Compiling hal/classicladder/manager_gtk.c
Compiling hal/classicladder/protocol_modbus_master.c
Compiling hal/classicladder/protocol_modbus_slave.c
Compiling hal/classicladder/serial_linux.c
Compiling hal/classicladder/socket_modbus_master.c
Compiling hal/classicladder/socket_server.c
Compiling hal/classicladder/spy_vars_gtk.c
Compiling hal/classicladder/symbols.c
Compiling hal/classicladder/symbols_gtk.c
Compiling hal/classicladder/vars_names.c
Compiling hal/classicladder/vars_access.c
Compiling hal/utils/miscgtk.c
Linking classicladder
Compiling hal/utils/halcmd.c
Compiling hal/utils/halcmd_commands.c
Compiling hal/utils/halsh.c
Linking hal.so
Compiling hal/utils/halcmd_main.c
Compiling hal/utils/halcmd_completion.c
Linking halcmd
Compiling hal/utils/halrmt.c
Linking halrmt
Compiling hal/utils/meter.c
Linking halmeter
Compiling hal/utils/scope.c
Compiling hal/utils/scope_horiz.c
Compiling hal/utils/scope_vert.c
Compiling hal/utils/scope_trig.c
Compiling hal/utils/scope_disp.c
Compiling hal/utils/scope_files.c
Linking halscope
Syntax checking python script elbpcom
Copying python script elbpcom
Compiling hal/user_comps/vfdb_vfd/vfdb_vfd.c
Linking vfdb_vfd
Preprocessing wj200_vfd.comp
Compiling hal/user_comps/wj200_vfd/wj200_vfd.c
Linking wj200_vfd
Compiling hal/user_comps/huanyang-vfd/hy_vfd.c
Compiling hal/user_comps/huanyang-vfd/hy_comm.c
Linking hy_vfd
Compiling emc/usr_intf/emcsh.cc
Compiling emc/usr_intf/shcom.cc
Compiling emc/nml_intf/emcglb.c
Compiling emc/nml_intf/emc.cc
Compiling emc/nml_intf/emcpose.c
Compiling emc/nml_intf/emcargs.cc
Compiling emc/nml_intf/emcops.cc
Compiling emc/nml_intf/canon_position.cc
Compiling emc/ini/emcIniFile.cc
Compiling emc/ini/iniaxis.cc
Compiling emc/ini/inijoint.cc
Compiling emc/ini/initool.cc
Compiling emc/ini/initraj.cc
Compiling emc/ini/inihal.cc
Compiling emc/nml_intf/interpl.cc
Linking liblinuxcnc.a
Linking linuxcnc.so
Compiling emc/usr_intf/emcrsh.cc
Linking linuxcncrsh
Compiling emc/usr_intf/schedrmt.cc
Compiling emc/usr_intf/emcsched.cc
Linking schedrmt
Compiling emc/usr_intf/emclcd.cc
Compiling emc/usr_intf/sockets.c
Linking linuxcnclcd
Compiling emc/usr_intf/halui.cc
Linking halui
Compiling emc/task/emcsvr.cc
Linking linuxcncsvr
Compiling emc/motion/emcmotglb.c
Compiling emc/task/emctask.cc
Compiling emc/task/emccanon.cc
Compiling emc/task/emctaskmain.cc
Compiling emc/motion/usrmotintf.cc
Compiling emc/motion/emcmotutil.c
Compiling emc/task/taskintf.cc
Compiling emc/motion/dbuf.c
Compiling emc/motion/stashf.c
Compiling emc/rs274ngc/tool_parse.cc
Compiling emc/task/taskmodule.cc
 #define BOOST_PYTHON_MAX_ARITY 7
 
Compiling emc/task/taskclass.cc
Compiling emc/task/backtrace.cc
Compiling emc/rs274ngc/interp_arc.cc
Compiling emc/rs274ngc/interp_array.cc
Compiling emc/rs274ngc/interp_base.cc
Compiling emc/rs274ngc/interp_check.cc
Compiling emc/rs274ngc/interp_convert.cc
Compiling emc/rs274ngc/interp_queue.cc
Compiling emc/rs274ngc/interp_cycles.cc
Compiling emc/rs274ngc/interp_execute.cc
Compiling emc/rs274ngc/interp_find.cc
Compiling emc/rs274ngc/interp_internal.cc
Compiling emc/rs274ngc/interp_inverse.cc
Compiling emc/rs274ngc/interp_read.cc
Compiling emc/rs274ngc/interp_write.cc
Compiling emc/rs274ngc/interp_o_word.cc
Compiling emc/rs274ngc/nurbs_additional_functions.cc
Compiling emc/rs274ngc/interp_namedparams.cc
Compiling emc/rs274ngc/interp_python.cc
Compiling emc/rs274ngc/interp_remap.cc
Compiling emc/rs274ngc/interp_setup.cc
Compiling emc/rs274ngc/canonmodule.cc
Compiling emc/rs274ngc/pyparamclass.cc
Compiling emc/rs274ngc/pyemctypes.cc
Compiling emc/rs274ngc/pyinterp1.cc
Compiling emc/rs274ngc/pyblock.cc
Compiling emc/rs274ngc/pyarrays.cc
Compiling emc/rs274ngc/interpmodule.cc
Compiling emc/rs274ngc/rs274ngc_pre.cc
Compiling emc/rs274ngc/interp_inspection.cc
Compiling emc/pythonplugin/python_plugin.cc

Linking libpyplugin.so.0
g++ -g -L/home/wruslan/apps/apps1/linuxcnc/lib -Wl,-rpath,/home/wruslan/apps/apps1/linuxcnc/lib  -Wl,-soname,libpyplugin.so.0 -shared -o ../lib/libpyplugin.so.0 objects/emc/pythonplugin/python_plugin.o ../lib/liblinuxcncini.so -lstdc++ -lboost_python -lpython2.7
ln -sf libpyplugin.so.0 ../lib/libpyplugin.so

Linking librs274.so.0
g++ -g -L/home/wruslan/apps/apps1/linuxcnc/lib -Wl,-rpath,/home/wruslan/apps/apps1/linuxcnc/lib  -Wl,-soname,librs274.so.0 -shared -o ../lib/librs274.so.0 objects/emc/rs274ngc/interp_arc.o objects/emc/rs274ngc/interp_array.o objects/emc/rs274ngc/interp_base.o objects/emc/rs274ngc/interp_check.o objects/emc/rs274ngc/interp_convert.o objects/emc/rs274ngc/interp_queue.o objects/emc/rs274ngc/interp_cycles.o objects/emc/rs274ngc/interp_execute.o objects/emc/rs274ngc/interp_find.o objects/emc/rs274ngc/interp_internal.o objects/emc/rs274ngc/interp_inverse.o objects/emc/rs274ngc/interp_read.o objects/emc/rs274ngc/interp_write.o objects/emc/rs274ngc/interp_o_word.o objects/emc/rs274ngc/nurbs_additional_functions.o objects/emc/rs274ngc/interp_namedparams.o objects/emc/rs274ngc/interp_python.o objects/emc/rs274ngc/interp_remap.o objects/emc/rs274ngc/interp_setup.o objects/emc/rs274ngc/canonmodule.o objects/emc/rs274ngc/pyparamclass.o objects/emc/rs274ngc/pyemctypes.o objects/emc/rs274ngc/pyinterp1.o objects/emc/rs274ngc/pyblock.o objects/emc/rs274ngc/pyarrays.o objects/emc/rs274ngc/interpmodule.o objects/emc/rs274ngc/rs274ngc_pre.o objects/emc/rs274ngc/interp_inspection.o ../lib/liblinuxcncini.so ../lib/libpyplugin.so ../lib/liblinuxcnchal.so.0 -lstdc++ -lboost_python -lpython2.7 -ldl 

Linking milltask
g++ -o ../bin/milltask objects/emc/motion/emcmotglb.o objects/emc/task/emctask.o objects/emc/task/emccanon.o objects/emc/task/emctaskmain.o objects/emc/motion/usrmotintf.o objects/emc/motion/emcmotutil.o objects/emc/task/taskintf.o objects/emc/motion/dbuf.o objects/emc/motion/stashf.o objects/emc/rs274ngc/tool_parse.o objects/emc/task/taskmodule.o objects/emc/task/taskclass.o objects/emc/task/backtrace.o ../lib/librs274.so.0 ../lib/liblinuxcnc.a ../lib/libnml.so.0 ../lib/liblinuxcncini.so.0 ../lib/libposemath.so.0 ../lib/liblinuxcnchal.so.0 ../lib/libpyplugin.so.0 -L/home/wruslan/apps/apps1/linuxcnc/lib -Wl,-rpath,/home/wruslan/apps/apps1/linuxcnc/lib  -lboost_python -lpython2.7
Compiling emc/iotask/ioControl.cc
Linking io
Compiling emc/iotask/ioControl_v2.cc
Linking iov2
Compiling emc/kinematics/genserkins.c
Linking genserkins
Compiling emc/canterp/canterp.cc
ln -sf librs274.so.0 ../lib/librs274.so
Linking libcanterp.so.0
ln -sf libcanterp.so.0 ../lib/libcanterp.so
Compiling emc/sai/saicanon.cc
Compiling emc/sai/driver.cc
Compiling emc/sai/dummyemcstat.cc
Linking rs274
Compiling emc/motion-logger/motion-logger.c
Linking motion-logger
Compiling module_helper/module_helper.c
Linking linuxcnc_module_helper
Compiling localized message catalog ../share/locale/hu/LC_MESSAGES/linuxcnc.mo
Compiling localized message catalog ../share/locale/sr/LC_MESSAGES/linuxcnc.mo
Compiling localized message catalog ../share/locale/sv/LC_MESSAGES/linuxcnc.mo
Compiling localized message catalog ../share/locale/de/LC_MESSAGES/linuxcnc.mo
Compiling localized message catalog ../share/locale/fi/LC_MESSAGES/linuxcnc.mo
Compiling localized message catalog ../share/locale/es/LC_MESSAGES/linuxcnc.mo
Compiling localized message catalog ../share/locale/pl/LC_MESSAGES/linuxcnc.mo
Compiling localized message catalog ../share/locale/fr/LC_MESSAGES/linuxcnc.mo
Compiling localized message catalog ../share/locale/it/LC_MESSAGES/linuxcnc.mo
Compiling localized message catalog ../share/locale/ja/LC_MESSAGES/linuxcnc.mo
Compiling localized message catalog ../share/locale/pt_BR/LC_MESSAGES/linuxcnc.mo
Compiling localized message catalog ../share/locale/ro/LC_MESSAGES/linuxcnc.mo
Compiling localized message catalog ../share/locale/ru/LC_MESSAGES/linuxcnc.mo
Compiling localized message catalog ../share/locale/zh_CN/LC_MESSAGES/linuxcnc.mo
Compiling localized message catalog ../share/locale/zh_HK/LC_MESSAGES/linuxcnc.mo
Compiling localized message catalog ../share/locale/sk/LC_MESSAGES/linuxcnc.mo
Compiling localized message catalog ../share/locale/zh_TW/LC_MESSAGES/linuxcnc.mo
Compiling localized gmoccapy message catalog ../share/locale/de/LC_MESSAGES/gmoccapy.mo
Compiling localized gmoccapy message catalog ../share/locale/sr/LC_MESSAGES/gmoccapy.mo
Compiling localized gmoccapy message catalog ../share/locale/es/LC_MESSAGES/gmoccapy.mo
Compiling localized gmoccapy message catalog ../share/locale/pl/LC_MESSAGES/gmoccapy.mo
Compiling localized gmoccapy message catalog ../share/locale/fr/LC_MESSAGES/gmoccapy.mo
Compiling localized gmoccapy message catalog ../share/locale/hu/LC_MESSAGES/gmoccapy.mo
Compiling localized gmoccapy message catalog ../share/locale/zh_CN/LC_MESSAGES/gmoccapy.mo
Localizing linuxcnc.pot

cp emc/ini/emcIniFile.hh ../include/emcIniFile.hh
cp emc/ini/iniaxis.hh ../include/iniaxis.hh
cp emc/ini/inijoint.hh ../include/inijoint.hh
cp emc/ini/initool.hh ../include/initool.hh
cp emc/ini/initraj.hh ../include/initraj.hh
cp emc/ini/inihal.hh ../include/inihal.hh
cp emc/kinematics/cubic.h ../include/cubic.h
cp emc/kinematics/kinematics.h ../include/kinematics.h
cp emc/kinematics/genhexkins.h ../include/genhexkins.h
cp emc/kinematics/genserkins.h ../include/genserkins.h
cp emc/kinematics/pentakins.h ../include/pentakins.h
cp emc/kinematics/pumakins.h ../include/pumakins.h
cp emc/tp/tc.h ../include/tc.h
cp emc/tp/tc_types.h ../include/tc_types.h
cp emc/tp/tcq.h ../include/tcq.h
cp emc/tp/tp.h ../include/tp.h
cp emc/tp/tp_types.h ../include/tp_types.h
cp emc/tp/spherical_arc.h ../include/spherical_arc.h
cp emc/tp/blendmath.h ../include/blendmath.h
cp emc/motion/emcmotcfg.h ../include/emcmotcfg.h
cp emc/motion/motion.h ../include/motion.h
cp emc/motion/simple_tp.h ../include/simple_tp.h
cp emc/motion/usrmotintf.h ../include/usrmotintf.h
cp emc/nml_intf/canon.hh ../include/canon.hh
cp emc/nml_intf/canon_position.hh ../include/canon_position.hh
cp emc/nml_intf/emctool.h ../include/emctool.h
cp emc/nml_intf/emc.hh ../include/emc.hh
cp emc/nml_intf/emc_nml.hh ../include/emc_nml.hh
cp emc/nml_intf/emccfg.h ../include/emccfg.h
cp emc/nml_intf/emcglb.h ../include/emcglb.h
cp emc/nml_intf/emcpos.h ../include/emcpos.h
cp emc/nml_intf/interp_return.hh ../include/interp_return.hh
cp emc/nml_intf/interpl.hh ../include/interpl.hh
cp emc/nml_intf/motion_types.h ../include/motion_types.h
cp emc/nml_intf/debugflags.h ../include/debugflags.h
cp emc/rs274ngc/interp_internal.hh ../include/interp_internal.hh
cp emc/rs274ngc/interp_fwd.hh ../include/interp_fwd.hh
cp emc/rs274ngc/interp_base.hh ../include/interp_base.hh
cp emc/rs274ngc/rs274ngc.hh ../include/rs274ngc.hh
cp emc/sai/saicanon.hh ../include/saicanon.hh
cp hal/hal.h ../include/hal.h
cp hal/hal_parport.h ../include/hal_parport.h
cp hal/drivers/mesa-hostmot2/hostmot2-serial.h ../include/hostmot2-serial.h
cp libnml/buffer/locmem.hh ../include/locmem.hh
cp libnml/buffer/memsem.hh ../include/memsem.hh
cp libnml/buffer/phantom.hh ../include/phantom.hh
cp libnml/buffer/physmem.hh ../include/physmem.hh
cp libnml/buffer/recvn.h ../include/recvn.h
cp libnml/buffer/rem_msg.hh ../include/rem_msg.hh
cp libnml/buffer/sendn.h ../include/sendn.h
cp libnml/buffer/shmem.hh ../include/shmem.hh
cp libnml/buffer/tcpmem.hh ../include/tcpmem.hh
cp libnml/cms/cms.hh ../include/cms.hh
cp libnml/cms/cms_aup.hh ../include/cms_aup.hh
cp libnml/cms/cms_cfg.hh ../include/cms_cfg.hh
cp libnml/cms/cms_dup.hh ../include/cms_dup.hh
cp libnml/cms/cms_srv.hh ../include/cms_srv.hh
cp libnml/cms/cms_up.hh ../include/cms_up.hh
cp libnml/cms/cms_user.hh ../include/cms_user.hh
cp libnml/cms/cms_xup.hh ../include/cms_xup.hh
cp libnml/cms/cmsdiag.hh ../include/cmsdiag.hh
cp libnml/cms/tcp_opts.hh ../include/tcp_opts.hh
cp libnml/cms/tcp_srv.hh ../include/tcp_srv.hh
cp libnml/inifile/inifile.h ../include/inifile.h
cp libnml/inifile/inifile.hh ../include/inifile.hh
cp libnml/linklist/linklist.hh ../include/linklist.hh
cp libnml/nml/cmd_msg.hh ../include/cmd_msg.hh
cp libnml/nml/nml.hh ../include/nml.hh
cp libnml/nml/nml_mod.hh ../include/nml_mod.hh
cp libnml/nml/nml_oi.hh ../include/nml_oi.hh
cp libnml/nml/nml_srv.hh ../include/nml_srv.hh
cp libnml/nml/nml_type.hh ../include/nml_type.hh
cp libnml/nml/nmldiag.hh ../include/nmldiag.hh
cp libnml/nml/nmlmsg.hh ../include/nmlmsg.hh
cp libnml/nml/stat_msg.hh ../include/stat_msg.hh
cp libnml/os_intf/_sem.h ../include/_sem.h
cp libnml/os_intf/sem.hh ../include/sem.hh
cp libnml/os_intf/_shm.h ../include/_shm.h
cp libnml/os_intf/shm.hh ../include/shm.hh
cp libnml/os_intf/_timer.h ../include/_timer.h
cp libnml/os_intf/timer.hh ../include/timer.hh
cp libnml/posemath/posemath.h ../include/posemath.h
cp libnml/posemath/gotypes.h ../include/gotypes.h
cp libnml/posemath/gomath.h ../include/gomath.h
cp libnml/posemath/sincos.h ../include/sincos.h
cp libnml/rcs/rcs.hh ../include/rcs.hh
cp libnml/rcs/rcs_exit.hh ../include/rcs_exit.hh
cp libnml/rcs/rcs_print.hh ../include/rcs_print.hh
cp libnml/rcs/rcsversion.h ../include/rcsversion.h
cp rtapi/rtapi.h ../include/rtapi.h
cp rtapi/rtapi_app.h ../include/rtapi_app.h
cp rtapi/rtapi_atomic.h ../include/rtapi_atomic.h
cp rtapi/rtapi_bitops.h ../include/rtapi_bitops.h
cp rtapi/rtapi_bool.h ../include/rtapi_bool.h
cp rtapi/rtapi_byteorder.h ../include/rtapi_byteorder.h
cp rtapi/rtapi_device.h ../include/rtapi_device.h
cp rtapi/rtapi_firmware.h ../include/rtapi_firmware.h
cp rtapi/rtapi_gfp.h ../include/rtapi_gfp.h
cp rtapi/rtapi_io.h ../include/rtapi_io.h
cp rtapi/rtapi_limits.h ../include/rtapi_limits.h
cp rtapi/rtapi_list.h ../include/rtapi_list.h
cp rtapi/rtapi_math.h ../include/rtapi_math.h
cp rtapi/rtapi_math_i386.h ../include/rtapi_math_i386.h
cp rtapi/rtapi_math64.h ../include/rtapi_math64.h
cp rtapi/rtapi_mutex.h ../include/rtapi_mutex.h
cp rtapi/rtapi_parport.h ../include/rtapi_parport.h
cp rtapi/rtapi_pci.h ../include/rtapi_pci.h
cp rtapi/rtapi_slab.h ../include/rtapi_slab.h
cp rtapi/rtapi_stdint.h ../include/rtapi_stdint.h
cp rtapi/rtapi_ctype.h ../include/rtapi_ctype.h
cp rtapi/rtapi_errno.h ../include/rtapi_errno.h
cp rtapi/rtapi_string.h ../include/rtapi_string.h
Compiling localized message catalog objects/hu.msg
Compiling localized message catalog objects/sr.msg
Compiling localized message catalog objects/sv.msg
Compiling localized message catalog objects/de.msg
Compiling localized message catalog objects/fi.msg
Compiling localized message catalog objects/es.msg
Compiling localized message catalog objects/pl.msg
Compiling localized message catalog objects/fr.msg
Compiling localized message catalog objects/it.msg
Compiling localized message catalog objects/ja.msg
Compiling localized message catalog objects/pt_BR.msg
Compiling localized message catalog objects/ro.msg
Compiling localized message catalog objects/ru.msg
Compiling localized message catalog objects/zh_CN.msg
Compiling localized message catalog objects/zh_HK.msg
Compiling localized message catalog objects/sk.msg
Compiling localized message catalog objects/zh_TW.msg
Syntax checking python script pyvcp
Copying python script pyvcp
Syntax checking python script hal_input
Copying python script hal_input
Syntax checking python script gladevcp
Copying python script gladevcp
Syntax checking python script scorbot-er-3
Copying python script scorbot-er-3
Syntax checking python script mitsub_vfd
Copying python script mitsub_vfd
Syntax checking python script pumagui
Copying python script pumagui
Syntax checking python script puma560gui
Copying python script puma560gui
Syntax checking python script lineardelta
Copying python script lineardelta
Syntax checking python script scaragui
Copying python script scaragui
Syntax checking python script hexagui
Copying python script hexagui
Syntax checking python script 5axisgui
Copying python script 5axisgui
Syntax checking python script max5gui
Copying python script max5gui
Syntax checking python script maho600gui
Copying python script maho600gui
Syntax checking python script hbmgui
Copying python script hbmgui
Syntax checking python script rotarydelta
Copying python script rotarydelta
Syntax checking python script xyzac-trt-gui
Copying python script xyzac-trt-gui
Syntax checking python script xyzbc-trt-gui
Copying python script xyzbc-trt-gui
Compiling hal/halmodule.cc
Linking python module _hal.so
Compiling emc/usr_intf/axis/extensions/emcmodule.cc
Linking python module linuxcnc.so
Compiling emc/usr_intf/axis/extensions/minigl.c
Linking python module minigl.so
Compiling emc/usr_intf/axis/extensions/_toglmodule.c
Linking python module _togl.so
Syntax checking python script axis
Copying python script axis
Syntax checking python script axis-remote
Copying python script axis-remote
Syntax checking python script linuxcnctop
Copying python script linuxcnctop
Syntax checking python script hal_manualtoolchange
Copying python script hal_manualtoolchange
Syntax checking python script mdi
Copying python script mdi
Syntax checking python script image-to-gcode
Copying python script image-to-gcode
Syntax checking python script lintini
Copying python script lintini
Syntax checking python script debuglevel
Copying python script debuglevel
Syntax checking python script teach-in
Copying python script teach-in
Syntax checking python script tracking-test
Copying python script tracking-test
Syntax checking python script touchy
Copying python script touchy
Syntax checking python script mdi.py
Copying python script mdi.py
Syntax checking python script emc_interface.py
Copying python script emc_interface.py
Syntax checking python script hal_interface.py
Copying python script hal_interface.py
Syntax checking python script filechooser.py
Copying python script filechooser.py
Syntax checking python script listing.py
Copying python script listing.py
Syntax checking python script preferences.py
Copying python script preferences.py
Copying glade file touchy.glade
Syntax checking python script stepconf
Copying python script stepconf
building python init __init__.py
Copying linuxcnc-wizard.gif
Syntax checking python script pages.py
Copying python script pages.py
Syntax checking python script build_INI.py
Copying python script build_INI.py
Syntax checking python script build_HAL.py
Copying python script build_HAL.py
Syntax checking python script import_mach.py
Copying python script import_mach.py
Copying glade file main_page.glade
Copying glade file base.glade
Copying glade file start.glade
Copying glade file pport1.glade
Copying glade file pport2.glade
Copying glade file spindle.glade
Copying glade file options.glade
Copying glade file halui_page.glade
Copying glade file axisx.glade
Copying glade file axisy.glade
Copying glade file axisz.glade
Copying glade file axisu.glade
Copying glade file axisv.glade
Copying glade file axisa.glade
Copying glade file finished.glade
Syntax checking python script pncconf
Copying python script pncconf
building python init __init__.py
Syntax checking python script pages.py
Copying python script pages.py
Syntax checking python script build_INI.py
Copying python script build_INI.py
Syntax checking python script build_HAL.py
Copying python script build_HAL.py
Syntax checking python script private_data.py
Copying python script private_data.py
Syntax checking python script tests.py
Copying python script tests.py
Syntax checking python script data.py
Copying python script data.py
Copying glade file main_page.glade
Copying glade file help.glade
Copying glade file mesa0.glade
Copying glade file mesa1.glade
Copying glade file start.glade
Copying glade file external.glade
Copying glade file base.glade
Copying glade file screen.glade
Copying glade file vcp.glade
Copying glade file x_axis.glade
Copying glade file x_motor.glade
Copying glade file y_axis.glade
Copying glade file y_motor.glade
Copying glade file z_axis.glade
Copying glade file z_motor.glade
Copying glade file a_axis.glade
Copying glade file a_motor.glade
Copying glade file s_motor.glade
Copying glade file options.glade
Copying glade file realtime.glade
Copying glade file pport1.glade
Copying glade file pport2.glade
Copying glade file dialogs.glade
Copying glade file finished.glade
Syntax checking python script gremlin
Copying python script gremlin
Syntax checking python script gremlin.py
Copying python script gremlin.py
Syntax checking python script qt5_graphics.py
Copying python script qt5_graphics.py
Syntax checking python script gscreen
Copying python script gscreen
Syntax checking python script mdi.py
Copying python script mdi.py
Syntax checking python script emc_interface.py
Copying python script emc_interface.py
Syntax checking python script preferences.py
Copying python script preferences.py
Syntax checking python script keybindings.py
Copying python script keybindings.py
Copying glade file gscreen.glade
Copying glade file gscreen2.glade
Syntax checking python script pyui
Copying python script pyui
Syntax checking python script master.py
Copying python script master.py
Syntax checking python script widgets.py
Copying python script widgets.py
Syntax checking python script __init__.py
Copying python script __init__.py
Syntax checking python script commands.py
Copying python script commands.py
Syntax checking python script panelui_validate.py
Copying python script panelui_validate.py
Copying INI script panelui_spec.ini
cp emc/usr_intf/pyui/panelui_spec.ini ../lib/python/pyui/panelui_spec.ini
Copying INI script _panelui.ini
cp emc/usr_intf/pyui/_panelui.ini ../lib/python/pyui/_panelui.ini
Syntax checking python script qtvcp
Copying python script qtvcp
Syntax checking python script gmoccapy
Copying python script gmoccapy
Syntax checking python script dialogs.py
Copying python script dialogs.py
Syntax checking python script getiniinfo.py
Copying python script getiniinfo.py
Syntax checking python script notification.py
Copying python script notification.py
Syntax checking python script player.py
Copying python script player.py
Syntax checking python script preferences.py
Copying python script preferences.py
Syntax checking python script widgets.py
Copying python script widgets.py
Copying glade file gmoccapy.glade
Compiling emc/kinematics/lineardeltakins.cc
Linking python module lineardeltakins.so

g++ -L/home/wruslan/apps/apps1/linuxcnc/lib -Wl,-rpath,/home/wruslan/apps/apps1/linuxcnc/lib  -shared -o ../lib/python/lineardeltakins.so objects/emc/kinematics/lineardeltakins.o -lboost_python
Compiling emc/kinematics/rotarydeltakins.cc
Linking python module rotarydeltakins.so

g++ -L/home/wruslan/apps/apps1/linuxcnc/lib -Wl,-rpath,/home/wruslan/apps/apps1/linuxcnc/lib  -shared -o ../lib/python/rotarydeltakins.so objects/emc/kinematics/rotarydeltakins.o -lboost_python
Compiling emc/rs274ngc/gcodemodule.cc
Linking python module gcode.so

g++ -L/home/wruslan/apps/apps1/linuxcnc/lib -Wl,-rpath,/home/wruslan/apps/apps1/linuxcnc/lib  -shared -o ../lib/python/gcode.so objects/emc/rs274ngc/gcodemodule.o ../lib/librs274.so.0 -lstdc++
Preprocessing abs.comp
Preprocessing abs_s32.comp
Preprocessing and2.comp
Preprocessing axistest.comp
Preprocessing bin2gray.comp
Preprocessing biquad.comp
Preprocessing bitslice.comp
Preprocessing bitwise.comp
Preprocessing bldc.comp
Preprocessing bldc_hall3.comp
Preprocessing blend.comp
Preprocessing carousel.comp
Preprocessing charge_pump.comp
Preprocessing clarke2.comp
Preprocessing clarke3.comp
Preprocessing clarkeinv.comp
Preprocessing comp.comp
Preprocessing constant.comp
Preprocessing conv_bit_float.comp
Preprocessing conv_bit_s32.comp
Preprocessing conv_bit_u32.comp
Preprocessing conv_float_s32.comp
Preprocessing conv_float_u32.comp
Preprocessing conv_s32_bit.comp
Preprocessing conv_s32_float.comp
Preprocessing conv_s32_u32.comp
Preprocessing conv_u32_bit.comp
Preprocessing conv_u32_float.comp
Preprocessing conv_u32_s32.comp
Preprocessing corexy_by_hal.comp
Preprocessing ddt.comp
Preprocessing deadzone.comp
Preprocessing demux.comp
Preprocessing differential.comp
Preprocessing edge.comp
Preprocessing eoffset_per_angle.comp
Preprocessing estop_latch.comp
Preprocessing feedcomp.comp
Preprocessing flipflop.comp
Preprocessing gantry.comp
Preprocessing gearchange.comp
Preprocessing gray2bin.comp
Preprocessing histobins.comp
Preprocessing hypot.comp
Preprocessing ilowpass.comp
Preprocessing integ.comp
Preprocessing invert.comp
Preprocessing joyhandle.comp
Preprocessing knob2float.comp
Preprocessing latencybins.comp
Preprocessing limit1.comp
Preprocessing limit2.comp
Preprocessing limit3.comp
Preprocessing lincurve.comp
Preprocessing logic.comp
Preprocessing lowpass.comp
Preprocessing lut5.comp
Preprocessing maj3.comp
Preprocessing match8.comp
Preprocessing max31855.comp
Preprocessing mesa_pktgyro_test.comp
Preprocessing message.comp
Preprocessing minmax.comp
Preprocessing moveoff.comp
Preprocessing mult2.comp
Preprocessing multiclick.comp
Preprocessing multiswitch.comp
Preprocessing mux16.comp
Preprocessing mux2.comp
Preprocessing mux4.comp
Preprocessing mux8.comp
Preprocessing near.comp
Preprocessing not.comp
Preprocessing offset.comp
Preprocessing oneshot.comp
Preprocessing or2.comp
Preprocessing orient.comp
Preprocessing plasmac.comp
Preprocessing sample_hold.comp
Preprocessing scale.comp
Preprocessing select8.comp
Preprocessing sim_axis_hardware.comp
Preprocessing sim_home_switch.comp
Preprocessing sim_matrix_kb.comp
Preprocessing sim_parport.comp
Preprocessing sim_spindle.comp
Preprocessing simple_tp.comp
Preprocessing sphereprobe.comp
Preprocessing spindle_monitor.comp
Preprocessing steptest.comp
Preprocessing sum2.comp
Preprocessing thc.comp
Preprocessing thcud.comp
Preprocessing threadtest.comp
Preprocessing time.comp
Preprocessing timedelay.comp
Preprocessing timedelta.comp
Preprocessing toggle.comp
Preprocessing toggle2nist.comp
Preprocessing tristate_bit.comp
Preprocessing tristate_float.comp
Preprocessing updown.comp
Preprocessing wcomp.comp
Preprocessing xhc_hb04_util.comp
Preprocessing xor2.comp
Preprocessing serport.comp
Preprocessing mesa_7i65.comp

Compiling realtime objects/hal/components/abs.c
Linking ../rtlib/abs.so
Compiling realtime objects/hal/components/abs_s32.c
Linking ../rtlib/abs_s32.so
Compiling realtime objects/hal/components/and2.c
Linking ../rtlib/and2.so
Compiling realtime objects/hal/components/axistest.c
Linking ../rtlib/axistest.so
Compiling realtime objects/hal/components/bin2gray.c
Linking ../rtlib/bin2gray.so
Compiling realtime objects/hal/components/biquad.c
Linking ../rtlib/biquad.so
Compiling realtime objects/hal/components/bitslice.c
Linking ../rtlib/bitslice.so
Compiling realtime objects/hal/components/bitwise.c
Linking ../rtlib/bitwise.so
Compiling realtime objects/hal/components/bldc.c
Linking ../rtlib/bldc.so
Compiling realtime objects/hal/components/bldc_hall3.c
Linking ../rtlib/bldc_hall3.so
Compiling realtime objects/hal/components/blend.c
Linking ../rtlib/blend.so
Compiling realtime objects/hal/components/carousel.c
Linking ../rtlib/carousel.so
Compiling realtime objects/hal/components/charge_pump.c
Linking ../rtlib/charge_pump.so
Compiling realtime objects/hal/components/clarke2.c
Linking ../rtlib/clarke2.so
Compiling realtime objects/hal/components/clarke3.c
Linking ../rtlib/clarke3.so
Compiling realtime objects/hal/components/clarkeinv.c
Linking ../rtlib/clarkeinv.so
Compiling realtime objects/hal/components/comp.c
Linking ../rtlib/comp.so
Compiling realtime objects/hal/components/constant.c
Linking ../rtlib/constant.so
Compiling realtime objects/hal/components/conv_bit_float.c
Linking ../rtlib/conv_bit_float.so
Compiling realtime objects/hal/components/conv_bit_s32.c
Linking ../rtlib/conv_bit_s32.so
Compiling realtime objects/hal/components/conv_bit_u32.c
Linking ../rtlib/conv_bit_u32.so
Compiling realtime objects/hal/components/conv_float_s32.c
Linking ../rtlib/conv_float_s32.so
Compiling realtime objects/hal/components/conv_float_u32.c
Linking ../rtlib/conv_float_u32.so
Compiling realtime objects/hal/components/conv_s32_bit.c
Linking ../rtlib/conv_s32_bit.so
Compiling realtime objects/hal/components/conv_s32_float.c
Linking ../rtlib/conv_s32_float.so
Compiling realtime objects/hal/components/conv_s32_u32.c
Linking ../rtlib/conv_s32_u32.so
Compiling realtime objects/hal/components/conv_u32_bit.c
Linking ../rtlib/conv_u32_bit.so
Compiling realtime objects/hal/components/conv_u32_float.c
Linking ../rtlib/conv_u32_float.so
Compiling realtime objects/hal/components/conv_u32_s32.c
Linking ../rtlib/conv_u32_s32.so
Compiling realtime objects/hal/components/corexy_by_hal.c
Linking ../rtlib/corexy_by_hal.so
Compiling realtime objects/hal/components/ddt.c
Linking ../rtlib/ddt.so
Compiling realtime objects/hal/components/deadzone.c
Linking ../rtlib/deadzone.so
Compiling realtime objects/hal/components/demux.c
Linking ../rtlib/demux.so
Compiling realtime objects/hal/components/differential.c
Linking ../rtlib/differential.so
Compiling realtime objects/hal/components/edge.c
Linking ../rtlib/edge.so
Compiling realtime objects/hal/components/eoffset_per_angle.c
Linking ../rtlib/eoffset_per_angle.so
Compiling realtime objects/hal/components/estop_latch.c
Linking ../rtlib/estop_latch.so
Compiling realtime objects/hal/components/feedcomp.c
Linking ../rtlib/feedcomp.so
Compiling realtime objects/hal/components/flipflop.c
Linking ../rtlib/flipflop.so
Compiling realtime objects/hal/components/gantry.c
Linking ../rtlib/gantry.so
Compiling realtime objects/hal/components/gearchange.c
Linking ../rtlib/gearchange.so
Compiling realtime objects/hal/components/gray2bin.c
Linking ../rtlib/gray2bin.so
Compiling realtime objects/hal/components/histobins.c
Linking ../rtlib/histobins.so
Compiling realtime objects/hal/components/hypot.c
Linking ../rtlib/hypot.so
Compiling realtime objects/hal/components/ilowpass.c
Linking ../rtlib/ilowpass.so
Compiling realtime objects/hal/components/integ.c
Linking ../rtlib/integ.so
Compiling realtime objects/hal/components/invert.c
Linking ../rtlib/invert.so
Compiling realtime objects/hal/components/joyhandle.c
Linking ../rtlib/joyhandle.so
Compiling realtime objects/hal/components/knob2float.c
Linking ../rtlib/knob2float.so
Compiling realtime objects/hal/components/latencybins.c
Linking ../rtlib/latencybins.so
Compiling realtime objects/hal/components/limit1.c
Linking ../rtlib/limit1.so
Compiling realtime objects/hal/components/limit2.c
Linking ../rtlib/limit2.so
Compiling realtime objects/hal/components/limit3.c
Linking ../rtlib/limit3.so
Compiling realtime objects/hal/components/lincurve.c
Linking ../rtlib/lincurve.so
Compiling realtime objects/hal/components/logic.c
Linking ../rtlib/logic.so
Compiling realtime objects/hal/components/lowpass.c
Linking ../rtlib/lowpass.so
Compiling realtime objects/hal/components/lut5.c
Linking ../rtlib/lut5.so
Compiling realtime objects/hal/components/maj3.c
Linking ../rtlib/maj3.so
Compiling realtime objects/hal/components/match8.c
Linking ../rtlib/match8.so
Compiling realtime objects/hal/components/max31855.c
Linking ../rtlib/max31855.so
Compiling realtime objects/hal/components/mesa_pktgyro_test.c
Linking ../rtlib/mesa_pktgyro_test.so
Compiling realtime objects/hal/components/message.c
Linking ../rtlib/message.so
Compiling realtime objects/hal/components/minmax.c
Linking ../rtlib/minmax.so
Compiling realtime objects/hal/components/moveoff.c
Linking ../rtlib/moveoff.so
Compiling realtime objects/hal/components/mult2.c
Linking ../rtlib/mult2.so
Compiling realtime objects/hal/components/multiclick.c
Linking ../rtlib/multiclick.so
Compiling realtime objects/hal/components/multiswitch.c
Linking ../rtlib/multiswitch.so
Compiling realtime objects/hal/components/mux16.c
Linking ../rtlib/mux16.so
Compiling realtime objects/hal/components/mux2.c
Linking ../rtlib/mux2.so
Compiling realtime objects/hal/components/mux4.c
Linking ../rtlib/mux4.so
Compiling realtime objects/hal/components/mux8.c
Linking ../rtlib/mux8.so
Compiling realtime objects/hal/components/near.c
Linking ../rtlib/near.so
Compiling realtime objects/hal/components/not.c
Linking ../rtlib/not.so
Compiling realtime objects/hal/components/offset.c
Linking ../rtlib/offset.so
Compiling realtime objects/hal/components/oneshot.c
Linking ../rtlib/oneshot.so
Compiling realtime objects/hal/components/or2.c
Linking ../rtlib/or2.so
Compiling realtime objects/hal/components/orient.c
Linking ../rtlib/orient.so
Compiling realtime objects/hal/components/plasmac.c
Linking ../rtlib/plasmac.so
Compiling realtime objects/hal/components/sample_hold.c
Linking ../rtlib/sample_hold.so
Compiling realtime objects/hal/components/scale.c
Linking ../rtlib/scale.so
Compiling realtime objects/hal/components/select8.c
Linking ../rtlib/select8.so
Compiling realtime objects/hal/components/sim_axis_hardware.c
Linking ../rtlib/sim_axis_hardware.so
Compiling realtime objects/hal/components/sim_home_switch.c
Linking ../rtlib/sim_home_switch.so
Compiling realtime objects/hal/components/sim_matrix_kb.c
Linking ../rtlib/sim_matrix_kb.so
Compiling realtime objects/hal/components/sim_parport.c
Linking ../rtlib/sim_parport.so
Compiling realtime objects/hal/components/sim_spindle.c
Linking ../rtlib/sim_spindle.so
Compiling realtime objects/hal/components/simple_tp.c
Linking ../rtlib/simple_tp.so
Compiling realtime objects/hal/components/sphereprobe.c
Linking ../rtlib/sphereprobe.so
Compiling realtime objects/hal/components/spindle_monitor.c
Linking ../rtlib/spindle_monitor.so
Compiling realtime objects/hal/components/steptest.c
Linking ../rtlib/steptest.so
Compiling realtime objects/hal/components/sum2.c
Linking ../rtlib/sum2.so
Compiling realtime objects/hal/components/thc.c
Linking ../rtlib/thc.so
Compiling realtime objects/hal/components/thcud.c
Linking ../rtlib/thcud.so
Compiling realtime objects/hal/components/threadtest.c
Linking ../rtlib/threadtest.so
Compiling realtime objects/hal/components/time.c
Linking ../rtlib/time.so
Compiling realtime objects/hal/components/timedelay.c
Linking ../rtlib/timedelay.so
Compiling realtime objects/hal/components/timedelta.c
Linking ../rtlib/timedelta.so
Compiling realtime objects/hal/components/toggle.c
Linking ../rtlib/toggle.so
Compiling realtime objects/hal/components/toggle2nist.c
Linking ../rtlib/toggle2nist.so
Compiling realtime objects/hal/components/tristate_bit.c
Linking ../rtlib/tristate_bit.so
Compiling realtime objects/hal/components/tristate_float.c
Linking ../rtlib/tristate_float.so
Compiling realtime objects/hal/components/updown.c
Linking ../rtlib/updown.so
Compiling realtime objects/hal/components/wcomp.c
Linking ../rtlib/wcomp.so
Compiling realtime objects/hal/components/xhc_hb04_util.c
Linking ../rtlib/xhc_hb04_util.so
Compiling realtime objects/hal/components/xor2.c
Linking ../rtlib/xor2.so
Compiling realtime objects/hal/drivers/serport.c
Linking ../rtlib/serport.so
Compiling realtime objects/hal/drivers/mesa_7i65.c
Linking ../rtlib/mesa_7i65.so
Compiling realtime hal/components/boss_plc.c
Linking ../rtlib/boss_plc.so
Compiling realtime hal/components/debounce.c
Linking ../rtlib/debounce.so
Compiling realtime hal/components/encoder.c
Linking ../rtlib/encoder.so
Compiling realtime hal/components/counter.c
Linking ../rtlib/counter.so
Compiling realtime hal/components/encoder_ratio.c
Linking ../rtlib/encoder_ratio.so
Compiling realtime hal/components/stepgen.c
Linking ../rtlib/stepgen.so
Compiling realtime hal/components/lcd.c
Linking ../rtlib/lcd.so
Compiling realtime hal/components/matrix_kb.c
Linking ../rtlib/matrix_kb.so
Compiling realtime hal/components/mux_generic.c
Linking ../rtlib/mux_generic.so
Compiling realtime hal/components/pwmgen.c
Linking ../rtlib/pwmgen.so
Compiling realtime hal/components/siggen.c
Linking ../rtlib/siggen.so
Compiling realtime hal/components/pid.c
Linking ../rtlib/pid.so
Compiling realtime hal/components/at_pid.c
Linking ../rtlib/at_pid.so
Compiling realtime hal/components/threads.c
Linking ../rtlib/threads.so
Compiling realtime hal/components/supply.c
Linking ../rtlib/supply.so
Compiling realtime hal/components/sim_encoder.c
Linking ../rtlib/sim_encoder.so
Compiling realtime hal/components/weighted_sum.c
Linking ../rtlib/weighted_sum.so
Compiling realtime hal/components/watchdog.c
Linking ../rtlib/watchdog.so
Compiling realtime hal/components/modmath.c
Linking ../rtlib/modmath.so
Compiling realtime hal/components/streamer.c
Linking ../rtlib/streamer.so
Compiling realtime hal/components/sampler.c
Linking ../rtlib/sampler.so
Compiling realtime hal/drivers/hal_parport.c
Linking ../rtlib/hal_parport.so
Compiling realtime hal/drivers/hal_gm.c
Linking ../rtlib/hal_gm.so
Compiling realtime hal/drivers/hal_ppmc.c
Linking ../rtlib/hal_ppmc.so
Compiling realtime hal/drivers/hal_bb_gpio.c
Linking ../rtlib/hal_bb_gpio.so
Compiling realtime hal/drivers/hal_pi_gpio.c
Compiling realtime hal/drivers/cpuinfo.c
Linking ../rtlib/hal_pi_gpio.so
Compiling realtime hal/drivers/mesa-hostmot2/hostmot2.c
Compiling realtime hal/drivers/mesa-hostmot2/ioport.c
Compiling realtime hal/drivers/mesa-hostmot2/encoder.c
Compiling realtime hal/drivers/mesa-hostmot2/abs_encoder.c
Compiling realtime hal/drivers/mesa-hostmot2/resolver.c
Compiling realtime hal/drivers/mesa-hostmot2/pwmgen.c
Compiling realtime hal/drivers/mesa-hostmot2/tp_pwmgen.c
Compiling realtime hal/drivers/mesa-hostmot2/sserial.c
Compiling realtime hal/drivers/mesa-hostmot2/stepgen.c
Compiling realtime hal/drivers/mesa-hostmot2/bspi.c
Compiling realtime hal/drivers/mesa-hostmot2/uart.c
Compiling realtime hal/drivers/mesa-hostmot2/pktuart.c
Compiling realtime hal/drivers/mesa-hostmot2/watchdog.c
Compiling realtime hal/drivers/mesa-hostmot2/pins.c
Compiling realtime hal/drivers/mesa-hostmot2/dpll.c
Compiling realtime hal/drivers/mesa-hostmot2/led.c
Compiling realtime hal/drivers/mesa-hostmot2/ssr.c
Compiling realtime hal/drivers/mesa-hostmot2/tram.c
Compiling realtime hal/drivers/mesa-hostmot2/raw.c
Compiling realtime hal/drivers/mesa-hostmot2/bitfile.c
Linking ../rtlib/hostmot2.so
Compiling realtime hal/drivers/mesa-hostmot2/hm2_test.c
Linking ../rtlib/hm2_test.so
Compiling realtime hal/drivers/mesa-hostmot2/hm2_pci.c
Linking ../rtlib/hm2_pci.so
Compiling realtime hal/drivers/mesa-hostmot2/hm2_7i43.c
Linking ../rtlib/hm2_7i43.so
Compiling realtime hal/drivers/mesa-hostmot2/hm2_7i90.c
Linking ../rtlib/hm2_7i90.so
Compiling realtime hal/drivers/mesa-hostmot2/setsserial.c
Linking ../rtlib/setsserial.so
Compiling realtime hal/drivers/mesa-hostmot2/hm2_eth.c
Linking ../rtlib/hm2_eth.so
Compiling realtime hal/drivers/mesa-hostmot2/hm2_spi.c
Linking ../rtlib/hm2_spi.so
Compiling realtime hal/drivers/mesa-hostmot2/hm2_rpspi.c
Linking ../rtlib/hm2_rpspi.so
Compiling realtime hal/classicladder/module_hal.c
Compiling realtime hal/classicladder/arithm_eval.c
Compiling realtime hal/classicladder/arrays.c
Compiling realtime hal/classicladder/calc.c
Compiling realtime hal/classicladder/calc_sequential.c
Compiling realtime hal/classicladder/manager.c
Compiling realtime hal/classicladder/symbols.c
Compiling realtime hal/classicladder/vars_access.c
Linking ../rtlib/classicladder_rt.so
Compiling realtime hal/utils/scope_rt.c
Linking ../rtlib/scope_rt.so
Compiling realtime hal/hal_lib.c
Linking ../rtlib/hal_lib.so
Compiling realtime emc/kinematics/trivkins.c
Linking ../rtlib/trivkins.so
Compiling realtime emc/kinematics/5axiskins.c
Linking ../rtlib/5axiskins.so
Compiling realtime emc/kinematics/maxkins.c
Linking ../rtlib/maxkins.so
Compiling realtime emc/kinematics/rotatekins.c
Linking ../rtlib/rotatekins.so
Compiling realtime emc/kinematics/tripodkins.c
Linking ../rtlib/tripodkins.so
Compiling realtime emc/kinematics/corexykins.c
Linking ../rtlib/corexykins.so
Compiling realtime emc/kinematics/lineardeltakins.c
Linking ../rtlib/lineardeltakins.so
Compiling realtime emc/kinematics/genhexkins.c
Compiling realtime libnml/posemath/_posemath.c
Compiling realtime libnml/posemath/sincos.c
Linking ../rtlib/genhexkins.so
Compiling realtime emc/kinematics/genserkins.c
Compiling realtime libnml/posemath/gomath.c
Linking ../rtlib/genserkins.so
Compiling realtime emc/kinematics/pentakins.c
Linking ../rtlib/pentakins.so
Compiling realtime emc/kinematics/pumakins.c
Linking ../rtlib/pumakins.so
Compiling realtime emc/kinematics/scarakins.c
Linking ../rtlib/scarakins.so
Compiling realtime emc/kinematics/rotarydeltakins.c
Linking ../rtlib/rotarydeltakins.so
Compiling realtime emc/kinematics/xyzac-trt-kins.c
Linking ../rtlib/xyzac-trt-kins.so
Compiling realtime emc/kinematics/xyzbc-trt-kins.c
Linking ../rtlib/xyzbc-trt-kins.so
Compiling realtime emc/kinematics/rosekins.c
Linking ../rtlib/rosekins.so
Compiling realtime emc/kinematics/scorbot-kins.c
Linking ../rtlib/scorbot-kins.so
Compiling realtime emc/kinematics/cubic.c
Compiling realtime emc/tp/tc.c
Compiling realtime emc/tp/tcq.c
Compiling realtime emc/tp/tp.c
Compiling realtime emc/tp/spherical_arc.c
Compiling realtime emc/tp/blendmath.c
Compiling realtime emc/motion/motion.c
Compiling realtime emc/motion/command.c
Compiling realtime emc/motion/control.c
Compiling realtime emc/motion/homing.c
Compiling realtime emc/motion/simple_tp.c
Compiling realtime emc/motion/emcmotutil.c
Compiling realtime emc/motion/stashf.c
Compiling realtime emc/motion/dbuf.c
Compiling realtime emc/nml_intf/emcpose.c
Linking ../rtlib/motmod.so

Updating 'whatis' database
Processing manual pages under /home/wruslan/apps/apps1/linuxcnc/src/../docs/man...
Updating index cache for path `/home/wruslan/apps/apps1/linuxcnc/src/../docs/man/man3'. Wait...done.
Checking for stray cats under /home/wruslan/apps/apps1/linuxcnc/src/../docs/man...
Processing manual pages under /home/wruslan/apps/apps1/linuxcnc/src/../docs/man/cat1...
Processing manual pages under /home/wruslan/apps/apps1/linuxcnc/src/../docs/man/cat3...
Processing manual pages under /home/wruslan/apps/apps1/linuxcnc/src/../docs/man/cat9...
3 man subdirectories contained newer manual pages.
307 manual pages were added.
0 stray cats were added.
0 old database entries were purged.
cp -f /etc/asciidoc/stylesheets/*.css ../docs/html
cp -f /etc/asciidoc/javascripts/*.js ../docs/html
asciidoc -f ../docs/src/attribute-colon.conf -a "scriptdir=../docs/src/" -d book -o- -b docbook ../docs/src/code/code-notes.txt | xsltproc ../docs/src/links.xslt - > objects/code/code-notes.links-stamp.tmp || (X=$?; rm objects/code/code-notes.links-stamp; exit $X)
....
....
asciidoc -f ../docs/src/attribute-colon.conf -a "scriptdir=../docs/src/" -d book -o- -b docbook ../docs/src/user/user-intro.txt | xsltproc ../docs/src/links.xslt - > objects/user/user-intro.links-stamp.tmp || (X=$?; rm objects/user/user-intro.links-stamp; exit $X)
sh move-if-change objects/user/user-intro.links-stamp.tmp objects/user/user-intro.links
touch objects/user/user-intro.links-stamp
/usr/bin/python ../docs/src/links_db_gen.py objects/ objects/code/code-notes.links objects/code/style-guide.links objects/code/nml-messages.links objects/code/rs274.links objects/code/adding-configs.links objects/code/contributing-to-linuxcnc.links objects/code/building-linuxcnc.links objects/common/emc-history.links objects/common/glossary.links objects/common/gpld-copyright.links objects/common/overleaf.links objects/config/core-components.links objects/config/ini-config.links objects/config/ini-homing.links objects/config/integrator-concepts.links objects/config/lathe-config.links objects/config/moveoff.links objects/config/pncconf.links objects/config/python-interface.links objects/config/stepconf.links objects/config/stepper-diagnostics.links objects/config/stepper.links objects/config/stepper-quickstart.links objects/drivers/ax5214h.links objects/drivers/vfs11.links objects/drivers/mitsub_vfd.links objects/drivers/gm.links objects/drivers/gs2.links objects/drivers/hostmot2.links objects/drivers/mb2hal.links objects/drivers/motenc.links objects/drivers/opto22.links objects/drivers/pico-ppmc.links objects/drivers/pluto-p.links objects/drivers/servo-to-go.links objects/drivers/shuttle.links objects/examples/gcode.links objects/examples/gs2-example.links objects/examples/mpg.links objects/examples/pci-parallel-port.links objects/examples/spindle.links objects/gcode/coordinates.links objects/gcode/g-code.links objects/gcode/machining-center.links objects/gcode/m-code.links objects/gcode/o-code.links objects/gcode/other-code.links objects/gcode/overview.links objects/gcode/rs274ngc.links objects/gcode/tool-compensation.links objects/getting-started/about-linuxcnc.links objects/getting-started/getting-linuxcnc.links objects/common/linux-faq.links objects/getting-started/running-linuxcnc.links objects/getting-started/system-requirements.links objects/getting-started/updating-linuxcnc.links objects/gui/axis.links objects/gui/gladevcp.links objects/gui/gmoccapy.links objects/gui/gmoccapy-hu.links objects/gui/gscreen.links objects/gui/qtvcp.links objects/gui/qtvcp_widgets.links objects/gui/qtvcp_libraries.links objects/gui/qtvcp_custom_widgets.links objects/gui/qtvcp_code_snippets.links objects/gui/qtvcp_development.links objects/gui/panelui.links objects/gui/halui.links objects/gui/image-to-gcode.links objects/gui/ngcgui.links objects/gui/tklinuxcnc.links objects/gui/tooledit.links objects/gui/touchy.links objects/gui/GStat.links objects/gui/vismach.links objects/hal/basic-hal.links objects/hal/canonical-devices.links objects/hal/comp.links objects/hal/components.links objects/hal/general-ref.links objects/hal/hal-examples.links objects/hal/halmodule.links objects/hal/halshow.links objects/hal/haltcl.links objects/hal/halui-examples.links objects/hal/intro.links objects/hal/parallel-port.links objects/gui/pyvcp.links objects/gui/pyvcp-examples.links objects/hal/rtcomps.links objects/hal/tools.links objects/hal/tutorial.links objects/hal/twopass.links objects/install/latency-test.links objects/integrator/steppers.links objects/integrator/stepper-timing.links objects/integrator/wiring.links objects/ladder/classic-ladder.links objects/ladder/ladder-examples.links objects/ladder/ladder-intro.links objects/lathe/lathe-user.links objects/motion/kinematics.links objects/motion/pid-theory.links objects/motion/tweaking-steppers.links objects/motion/5-axis-kinematics.links objects/motion/external-offsets.links objects/plasma/plasmac-user-guide.links objects/plasma/plasma-cnc-primer.links objects/remap/remap.links objects/user/starting-linuxcnc.links objects/user/user-concepts.links objects/user/user-foreword.links objects/user/user-intro.links > objects/xref_en.links

rm -rf ../docs/src/source-highlight/local
cp -r /usr/share/source-highlight ../docs/src/source-highlight/local
mv ../docs/src/source-highlight/local/lang.map ../docs/src/source-highlight/local/lang.map.dist
cp ../docs/src/source-highlight/*.lang ../docs/src/source-highlight/local
grep -v  -e ../docs/src/source-highlight/ini.lang  -e ../docs/src/source-highlight/ngc.lang  -e ../docs/src/source-highlight/hal.lang ../docs/src/source-highlight/local/lang.map.dist >../docs/src/source-highlight/local/lang.map
for i in ../docs/src/source-highlight/ini.lang ../docs/src/source-highlight/ngc.lang ../docs/src/source-highlight/hal.lang; do \
             echo `basename $i .lang` '=' `basename $i` >>../docs/src/source-highlight/local/lang.map ; \
        done
dot -Tsvg -o../docs/src/code/homing.svg ../docs/src/code/homing.dot
dot -Tsvg -o../docs/src/code/hss.svg ../docs/src/code/hss.dot
dot -Tsvg -o../docs/src/code/task-state-transitions.svg ../docs/src/code/task-state-transitions.dot
asciidoc -f ../docs/src/xhtml11.conf \
	 -f ../docs/src/asciidoc-dont-replace-arrows.conf \
	 -f ../docs/src/source-highlight/emc-langs-source-highlight.conf \
	 -a "source_highlight_dir=../docs/src/source-highlight/local" \
	 -a linkcss \
	 -a 'scriptsdir=../' -a 'stylesdir=../' \
         -a "scriptdir=../docs/src/" \
         -a "relindir=code" \
         -a "linksfile=objects/xref_en.links" \
	 -a stylesheet=linuxcnc.css \
	 -d book -a toc -a numbered -b xhtml11 ../docs/src/code/code-notes.txt || (X=$?; rm ../docs/src/code/code-notes.html; exit $X)
....
....
asciidoc -f ../docs/src/xhtml11.conf \
	 -f ../docs/src/asciidoc-dont-replace-arrows.conf \
	 -f ../docs/src/source-highlight/emc-langs-source-highlight.conf \
	 -a "source_highlight_dir=../docs/src/source-highlight/local" \
	 -a linkcss \
	 -a 'scriptsdir=../' -a 'stylesdir=../' \
         -a "scriptdir=../docs/src/" \
         -a "relindir=user" \
         -a "linksfile=objects/xref_en.links" \
	 -a stylesheet=linuxcnc.css \
	 -d book -a toc -a numbered -b xhtml11 ../docs/src/user/user-intro.txt || (X=$?; rm ../docs/src/user/user-intro.html; exit $X)
....
....
asciidoc -f ../docs/src/xhtml11.conf \
	 -f ../docs/src/asciidoc-dont-replace-arrows.conf \
	 -a linkcss \
	 -a 'scriptsdir=../' -a 'stylesdir=../' \
         -a "scriptdir=../docs/src/" \
         -a "relindir=getting-started" \
         -a "linksfile=objects/xref_es.links" \
	 -a stylesheet=linuxcnc.css \
	 -d book -a toc -a numbered -b xhtml11 ../docs/src/getting-started/system-requirements-es.txt || (X=$?; rm ../docs/src/getting-started/system-requirements-es.html; exit $X)

Formatting axis-remote.1 as HTML
Formatting axis.1 as HTML
Formatting elbpcom.1 as HTML
Formatting gladevcp.1 as HTML
Formatting gs2.1 as HTML
Formatting hal_input.1 as HTML
Formatting hal_manualtoolchange.1 as HTML
Formatting hal_parport.1 as HTML
Formatting halcmd.1 as HTML
Formatting halcompile.1 as HTML
Formatting halmeter.1 as HTML
Formatting halrun.1 as HTML
Formatting halsampler.1 as HTML
Formatting halstreamer.1 as HTML
Formatting haltcl.1 as HTML
Formatting halui.1 as HTML
Formatting hy_gt_vfd.1 as HTML
Formatting hy_vfd.1 as HTML
Formatting io.1 as HTML
Formatting iocontrol.1 as HTML
Formatting linuxcnc.1 as HTML
Formatting linuxcncrsh.1 as HTML
Formatting mb2hal.1 as HTML
Formatting milltask.1 as HTML
Formatting mitsub_vfd.1 as HTML
Formatting moveoff_gui.1 as HTML
Formatting pyvcp.1 as HTML
Formatting shuttle.1 as HTML
Formatting sim_pin.1 as HTML
Formatting thermistor.1 as HTML
Formatting vfdb_vfd.1 as HTML
Formatting vfs11_vfd.1 as HTML
Formatting xhc-hb04.1 as HTML
Formatting EXPORT_FUNCTION.3rtapi as HTML
Formatting MODULE_AUTHOR.3rtapi as HTML
Formatting MODULE_DESCRIPTION.3rtapi as HTML
Formatting MODULE_LICENSE.3rtapi as HTML
Formatting PM_ROTATION_VECTOR.3 as HTML
Formatting RTAPI_MP_ARRAY_INT.3rtapi as HTML
Formatting RTAPI_MP_ARRAY_LONG.3rtapi as HTML
Formatting RTAPI_MP_ARRAY_STRING.3rtapi as HTML
Formatting RTAPI_MP_INT.3rtapi as HTML
Formatting RTAPI_MP_LONG.3rtapi as HTML
Formatting RTAPI_MP_STRING.3rtapi as HTML
Formatting hal_add_funct_to_thread.3hal as HTML
Formatting hal_bit_t.3hal as HTML
Formatting hal_bool.3hal as HTML
Formatting hal_create_thread.3hal as HTML
Formatting hal_del_funct_from_thread.3hal as HTML
Formatting hal_exit.3hal as HTML
Formatting hal_export_funct.3hal as HTML
Formatting hal_float_t.3hal as HTML
Formatting hal_get_lock.3hal as HTML
Formatting hal_init.3hal as HTML
Formatting hal_link.3hal as HTML
Formatting hal_malloc.3hal as HTML
Formatting hal_param_alias.3hal as HTML
Formatting hal_param_bit_new.3hal as HTML
Formatting hal_param_bit_newf.3hal as HTML
Formatting hal_param_float_new.3hal as HTML
Formatting hal_param_float_newf.3hal as HTML
Formatting hal_param_new.3hal as HTML
Formatting hal_param_s32_new.3hal as HTML
Formatting hal_param_s32_newf.3hal as HTML
Formatting hal_param_u32_new.3hal as HTML
Formatting hal_param_u32_newf.3hal as HTML
Formatting hal_parport.3hal as HTML
Formatting hal_pin_alias.3hal as HTML
Formatting hal_pin_bit_new.3hal as HTML
Formatting hal_pin_bit_newf.3hal as HTML
Formatting hal_pin_float_new.3hal as HTML
Formatting hal_pin_float_newf.3hal as HTML
Formatting hal_pin_new.3hal as HTML
Formatting hal_pin_s32_new.3hal as HTML
Formatting hal_pin_s32_newf.3hal as HTML
Formatting hal_pin_u32_new.3hal as HTML
Formatting hal_pin_u32_newf.3hal as HTML
Formatting hal_ready.3hal as HTML
Formatting hal_s32_t.3hal as HTML
Formatting hal_set_constructor.3hal as HTML
Formatting hal_set_lock.3hal as HTML
Formatting hal_signal_delete.3hal as HTML
Formatting hal_signal_new.3hal as HTML
Formatting hal_start_threads.3hal as HTML
Formatting hal_stream.3hal as HTML
Formatting hal_type_t.3hal as HTML
Formatting hal_u32_t.3hal as HTML
Formatting hal_unlink.3hal as HTML
Formatting hm2_allocate_bspi_tram.3hm2 as HTML
Formatting hm2_bspi_set_read_function.3hm2 as HTML
Formatting hm2_bspi_set_write_function.3hm2 as HTML
Formatting hm2_bspi_setup_chan.3hm2 as HTML
Formatting hm2_bspi_write_chan.3hm2 as HTML
Formatting hm2_pktuart_read.3hm2 as HTML
Formatting hm2_pktuart_send.3hm2 as HTML
Formatting hm2_pktuart_setup.3hm2 as HTML
Formatting hm2_tram_add_bspi_frame.3hm2 as HTML
Formatting hm2_uart_read.3hm2 as HTML
Formatting hm2_uart_send.3hm2 as HTML
Formatting hm2_uart_setup.3hm2 as HTML
Formatting intro.3hal as HTML
Formatting intro.3rtapi as HTML
Formatting rtapi_app_exit.3rtapi as HTML
Formatting rtapi_app_main.3rtapi as HTML
Formatting rtapi_atomic.3rtapi as HTML
Formatting rtapi_bool.3rtapi as HTML
Formatting rtapi_byteorder.3rtapi as HTML
Formatting rtapi_clock_set_period.3rtapi as HTML
Formatting rtapi_delay.3rtapi as HTML
Formatting rtapi_delay_max.3rtapi as HTML
Formatting rtapi_device.3rtapi as HTML
Formatting rtapi_div_u64.3rtapi as HTML
Formatting rtapi_div_u64_rem.3rtapi as HTML
Formatting rtapi_exit.3rtapi as HTML
Formatting rtapi_firmware.3rtapi as HTML
Formatting rtapi_get_clocks.3rtapi as HTML
Formatting rtapi_get_msg_level.3rtapi as HTML
Formatting rtapi_get_time.3rtapi as HTML
Formatting rtapi_gfp.3rtapi as HTML
Formatting rtapi_inb.3rtapi as HTML
Formatting rtapi_init.3rtapi as HTML
Formatting rtapi_io.3rtapi as HTML
Formatting rtapi_is.3rtapi as HTML
Formatting rtapi_list.3rtapi as HTML
Formatting rtapi_module_param.3rtapi as HTML
Formatting rtapi_mutex.3rtapi as HTML
Formatting rtapi_open_as_root.3rtapi as HTML
Formatting rtapi_outb.3rtapi as HTML
Formatting rtapi_parport.3rtapi as HTML
Formatting rtapi_pci.3rtapi as HTML
Formatting rtapi_print.3rtapi as HTML
Formatting rtapi_prio.3rtapi as HTML
Formatting rtapi_prio_highest.3rtapi as HTML
Formatting rtapi_prio_lowest.3rtapi as HTML
Formatting rtapi_prio_next_higher.3rtapi as HTML
Formatting rtapi_prio_next_lower.3rtapi as HTML
Formatting rtapi_region.3rtapi as HTML
Formatting rtapi_release_region.3rtapi as HTML
Formatting rtapi_request_region.3rtapi as HTML
Formatting rtapi_set_msg_level.3rtapi as HTML
Formatting rtapi_shmem.3rtapi as HTML
Formatting rtapi_shmem_delete.3rtapi as HTML
Formatting rtapi_shmem_getptr.3rtapi as HTML
Formatting rtapi_shmem_new.3rtapi as HTML
Formatting rtapi_slab.3rtapi as HTML
Formatting rtapi_snprintf.3rtapi as HTML
Formatting rtapi_stdint.3rtapi as HTML
Formatting rtapi_string.3rtapi as HTML
Formatting rtapi_task_delete.3rtapi as HTML
Formatting rtapi_task_new.3rtapi as HTML
Formatting rtapi_task_pause.3rtapi as HTML
Formatting rtapi_task_resume.3rtapi as HTML
Formatting rtapi_task_self.3rtapi as HTML
Formatting rtapi_task_start.3rtapi as HTML
Formatting rtapi_task_wait.3rtapi as HTML
Formatting undocumented.3hal as HTML
Formatting undocumented.3rtapi as HTML
Formatting abs.9 as HTML
Formatting abs_s32.9 as HTML
Formatting and2.9 as HTML
Formatting at_pid.9 as HTML
Formatting axis.9 as HTML
Formatting axistest.9 as HTML
Formatting bin2gray.9 as HTML
Formatting biquad.9 as HTML
Formatting bitslice.9 as HTML
Formatting bitwise.9 as HTML
Formatting bldc.9 as HTML
./man9/bldc.9:463: suppression limit registers span more than one page;
image description 1 will be wrong
Formatting bldc_hall3.9 as HTML
./man9/bldc_hall3.9:195: suppression limit registers span more than one page;
image description 1 will be wrong
Formatting blend.9 as HTML
Formatting carousel.9 as HTML
Formatting charge_pump.9 as HTML
Formatting clarke2.9 as HTML
Formatting clarke3.9 as HTML
Formatting clarkeinv.9 as HTML
Formatting classicladder.9 as HTML
Formatting comp.9 as HTML
Formatting constant.9 as HTML
Formatting conv_bit_float.9 as HTML
Formatting conv_bit_s32.9 as HTML
Formatting conv_bit_u32.9 as HTML
Formatting conv_float_s32.9 as HTML
Formatting conv_float_u32.9 as HTML
Formatting conv_s32_bit.9 as HTML
Formatting conv_s32_float.9 as HTML
Formatting conv_s32_u32.9 as HTML
Formatting conv_u32_bit.9 as HTML
Formatting conv_u32_float.9 as HTML
Formatting conv_u32_s32.9 as HTML
Formatting corexy_by_hal.9 as HTML
Formatting counter.9 as HTML
Formatting ddt.9 as HTML
Formatting deadzone.9 as HTML
Formatting debounce.9 as HTML
Formatting demux.9 as HTML
Formatting differential.9 as HTML
Formatting edge.9 as HTML
Formatting encoder.9 as HTML
Formatting encoder_ratio.9 as HTML
Formatting eoffset_per_angle.9 as HTML
Formatting estop_latch.9 as HTML
Formatting feedcomp.9 as HTML
Formatting flipflop.9 as HTML
Formatting gantry.9 as HTML
Formatting gantrykins.9 as HTML
Formatting gearchange.9 as HTML
Formatting genhexkins.9 as HTML
./man9/kins.9:237: warning [p 1, 34.5i]: can't break line
Formatting genserkins.9 as HTML
./man9/kins.9:237: warning [p 1, 34.5i]: can't break line
Formatting gentrivkins.9 as HTML
Formatting gladevcp.9 as HTML
Formatting gray2bin.9 as HTML
Formatting hal_bb_gpio.9 as HTML
Formatting histobins.9 as HTML
Formatting hm2_7i43.9 as HTML
Formatting hm2_7i90.9 as HTML
Formatting hm2_eth.9 as HTML
Formatting hm2_pci.9 as HTML
Formatting hm2_rpspi.9 as HTML
Formatting hm2_spi.9 as HTML
Formatting hostmot2.9 as HTML
Formatting hypot.9 as HTML
Formatting ilowpass.9 as HTML
Formatting integ.9 as HTML
Formatting invert.9 as HTML
Formatting joyhandle.9 as HTML
Formatting kins.9 as HTML
./man9/kins.9:237: warning [p 1, 34.5i]: can't break line
Formatting knob2float.9 as HTML
Formatting latencybins.9 as HTML
Formatting lcd.9 as HTML
Formatting limit1.9 as HTML
Formatting limit2.9 as HTML
Formatting limit3.9 as HTML
Formatting lincurve.9 as HTML
Formatting lineardeltakins.9 as HTML
Formatting logic.9 as HTML
Formatting lowpass.9 as HTML
Formatting lut5.9 as HTML
Formatting maj3.9 as HTML
Formatting match8.9 as HTML
Formatting matrix_kb.9 as HTML
Formatting max31855.9 as HTML
Formatting maxkins.9 as HTML
./man9/kins.9:237: warning [p 1, 34.5i]: can't break line
Formatting mesa_7i65.9 as HTML
Formatting mesa_pktgyro_test.9 as HTML
Formatting message.9 as HTML
Formatting minmax.9 as HTML
Formatting motion.9 as HTML
Formatting moveoff.9 as HTML
Formatting mult2.9 as HTML
Formatting multiclick.9 as HTML
Formatting multiswitch.9 as HTML
Formatting mux16.9 as HTML
Formatting mux2.9 as HTML
Formatting mux4.9 as HTML
Formatting mux8.9 as HTML
Formatting mux_generic.9 as HTML
Formatting near.9 as HTML
Formatting not.9 as HTML
Formatting offset.9 as HTML
Formatting oneshot.9 as HTML
Formatting opto_ac5.9 as HTML
Formatting or2.9 as HTML
Formatting orient.9 as HTML
Formatting pentakins.9 as HTML
./man9/kins.9:237: warning [p 1, 34.5i]: can't break line
Formatting pid.9 as HTML
Formatting plasmac.9 as HTML
Formatting pumakins.9 as HTML
./man9/kins.9:237: warning [p 1, 34.5i]: can't break line
Formatting pwmgen.9 as HTML
Formatting rosekins.9 as HTML
Formatting rotatekins.9 as HTML
./man9/kins.9:237: warning [p 1, 34.5i]: can't break line
Formatting sample_hold.9 as HTML
Formatting sampler.9 as HTML
Formatting scale.9 as HTML
Formatting scarakins.9 as HTML
./man9/kins.9:237: warning [p 1, 34.5i]: can't break line
Formatting select8.9 as HTML
Formatting serport.9 as HTML
Formatting setsserial.9 as HTML
Formatting siggen.9 as HTML
Formatting sim_axis_hardware.9 as HTML
Formatting sim_encoder.9 as HTML
Formatting sim_home_switch.9 as HTML
Formatting sim_matrix_kb.9 as HTML
Formatting sim_parport.9 as HTML
Formatting sim_spindle.9 as HTML
Formatting simple_tp.9 as HTML
Formatting sphereprobe.9 as HTML
Formatting spindle_monitor.9 as HTML
Formatting sserial.9 as HTML
Formatting stepgen.9 as HTML
Formatting steptest.9 as HTML
Formatting streamer.9 as HTML
Formatting sum2.9 as HTML
Formatting supply.9 as HTML
Formatting thc.9 as HTML
Formatting thcud.9 as HTML
Formatting threads.9 as HTML
Formatting threadtest.9 as HTML
Formatting time.9 as HTML
Formatting timedelay.9 as HTML
Formatting timedelta.9 as HTML
Formatting toggle.9 as HTML
Formatting toggle2nist.9 as HTML
Formatting tripodkins.9 as HTML
./man9/kins.9:237: warning [p 1, 34.5i]: can't break line
Formatting tristate_bit.9 as HTML
Formatting tristate_float.9 as HTML
Formatting trivkins.9 as HTML
./man9/kins.9:237: warning [p 1, 34.5i]: can't break line
Formatting updown.9 as HTML
Formatting watchdog.9 as HTML
Formatting wcomp.9 as HTML
Formatting weighted_sum.9 as HTML
Formatting wj200_vfd.9 as HTML
Formatting xhc_hb04_util.9 as HTML
Formatting xor2.9 as HTML
rm -f objects/index.incl
Adding manpages: man1: Commands and userspace components
Adding manpages: man9: Realtime components and kernel modules
Adding manpages: man3hal: API calls: HAL
Adding manpages: man3rtapi: API calls: RTAPI
Adding manpages: man3hm2: API calls: Hostmot2
Adding manpages: man3: API calls: General
# now make sure all manpages made it into the html index
....
....

touch .html-images-stamp
touch .htmldoc-stamp
Can't check links: Content-Type for <file:///home/wruslan/apps/apps1/linuxcnc/src/.htmldoc-stamp> is 'text/plain'.
###
### language: English
### all links are good!
###
Can't check links: Content-Type for <file:///home/wruslan/apps/apps1/linuxcnc/src/.htmldoc-stamp> is 'text/plain'.
###
### language: French
### all links are good!
###
Can't check links: Content-Type for <file:///home/wruslan/apps/apps1/linuxcnc/src/.htmldoc-stamp> is 'text/plain'.
###
### language: Spanish
### all links are good!
###
Can't check links: Content-Type for <file:///home/wruslan/apps/apps1/linuxcnc/src/.htmldoc-stamp> is 'text/plain'.
###
### language: Vietnamese
### all links are good!
###
You now need to run 'sudo make setuid' in order to run in place with access to hardware.
wruslan@HP-EliteBook-8470p-Ub1804:~/apps/apps1/linuxcnc/src$ 

===========================================================
ALHAMDULILLAH 3 TIMES.
===========================================================
wruslan@HP-EliteBook-8470p-Ub1804:~/apps/apps1/linuxcnc/src$ sudo make setuid
[sudo] password for wruslan: 
chown root ../bin/rtapi_app
chmod 4750 ../bin/rtapi_app
chown root ../bin/linuxcnc_module_helper
chmod 4750 ../bin/linuxcnc_module_helper

===================
wruslan@HP-EliteBook-8470p-Ub1804:~/apps/apps1/linuxcnc/src$ sudo make install
Makefile:523: *** You configured run-in-place, but are trying to install.
For an installable version, run configure without --enable-run-in-place
and rebuild.  Stop.
wruslan@HP-EliteBook-8470p-Ub1804:~/apps/apps1/linuxcnc/src$ 
wruslan@HP-EliteBook-8470p-Ub1804:~/apps/apps1/linuxcnc/src$ sudo updatedb
wruslan@HP-EliteBook-8470p-Ub1804:~/apps/apps1/linuxcnc/src$ sudo ldconfig
wruslan@HP-EliteBook-8470p-Ub1804:~/apps/apps1/linuxcnc/src$ sudo depmod -a
wruslan@HP-EliteBook-8470p-Ub1804:~/apps/apps1/linuxcnc/src$ date
Fri Jan 17 18:00:31 +08 2020
wruslan@HP-EliteBook-8470p-Ub1804:~/apps/apps1/linuxcnc/src$ 

===========================================================

######################################################################
#                LinuxCNC - Enhanced Machine Controller              #
######################################################################
#                                                                    #
#   LinuxCNC is a software system for computer control of machine    #
#   tools such as milling machines. LinuxCNC is released under the   #
#   GPL.  Check out http://www.linuxcnc.org/ for more details.       #
#                                                                    #
#                                                                    #
#   It seems that ./configure completed successfully.                #
#   This means that RT is properly installed                         #
#   If things don't work check config.log for errors & warnings      #
#                                                                    #
#   Next compile by typing                                           #
#         make                                                       #
#         sudo make setuid                                           #
#          (if realtime behavior and hardware access are required)   #
#                                                                    #
#   Before running the software, set the environment:                #
#         . (top dir)/scripts/rip-environment                        #
#                                                                    #
#   To run the software type                                         #
#         linuxcnc                                                   #
#                                                                    #
######################################################################
wruslan@HP-EliteBook-8470p-Ub1804:~/apps/apps1/linuxcnc/src$ cd ../

wruslan@HP-EliteBook-8470p-Ub1804:~/apps/apps1/linuxcnc$ ls -l
total 224
drwxr-xr-x  2 wruslan wruslan  4096 Jan 17 17:32 bin
drwxr-xr-x  8 wruslan wruslan  4096 Jan 17 15:55 configs
-rw-r--r--  1 wruslan wruslan 18092 Jan 17 15:55 COPYING
-rw-r--r--  1 wruslan wruslan 43090 Jan 17 15:55 COPYING.more
drwxr-xr-x  5 wruslan wruslan  4096 Jan 17 16:11 debian
drwxr-xr-x  6 wruslan wruslan  4096 Jan 17 16:11 docs
drwxr-xr-x  2 wruslan wruslan  4096 Jan 17 15:55 gnupg
drwxr-xr-x  2 wruslan wruslan  4096 Jan 17 17:32 include
-rw-r--r--  1 wruslan wruslan  1374 Jan 17 15:55 ISSUE_TEMPLATE.md
drwxr-xr-x  4 wruslan wruslan  4096 Jan 17 17:32 lib
-rw-r--r--  1 wruslan wruslan  8718 Jan 17 15:55 linuxcnc.gif
-rw-r--r--  1 wruslan wruslan  4198 Jan 17 15:55 linuxcncicon.png
-rw-r--r--  1 wruslan wruslan  6971 Jan 17 15:55 linuxcnc-wizard.gif
-rw-r--r--  1 wruslan wruslan 45094 Jan 17 15:55 linuxcnc.xcf
-rw-r--r--  1 wruslan wruslan  7250 Jan 17 15:55 meson.build
drwxr-xr-x 11 wruslan wruslan  4096 Jan 17 15:55 nc_files
-rw-r--r--  1 wruslan wruslan  1043 Jan 17 15:55 README.md
drwxr-xr-x  2 wruslan wruslan  4096 Jan 17 17:34 rtlib
drwxr-xr-x  2 wruslan wruslan  4096 Jan 17 17:27 scripts
drwxr-xr-x 12 wruslan wruslan  4096 Jan 17 17:32 share
drwxr-xr-x 14 wruslan wruslan  4096 Jan 17 17:58 src
drwxr-xr-x  4 wruslan wruslan  4096 Jan 17 17:30 tcl
drwxr-xr-x 69 wruslan wruslan  4096 Jan 17 16:11 tests
-rw-r--r--  1 wruslan wruslan   722 Jan 17 15:55 TODO
drwxr-xr-x  4 wruslan wruslan  4096 Jan 17 15:55 unit_tests
-rw-r--r--  1 wruslan wruslan    11 Jan 17 16:11 VERSION
wruslan@HP-EliteBook-8470p-Ub1804:~/apps/apps1/linuxcnc$ 

===========================================================
wruslan@HP-EliteBook-8470p-Ub1804:~/apps/apps1/linuxcnc$ ls -al scripts/
total 436
drwxr-xr-x  2 wruslan wruslan  4096 Jan 17 17:27 .
drwxr-xr-x 18 wruslan wruslan  4096 Jan 17 16:11 ..
-rwxr-xr-x  1 wruslan wruslan  1526 Jan 17 15:55 decode_dmesg
-rwxr-xr-x  1 wruslan wruslan   196 Jan 17 15:55 get-deb-component-from-git
-rwxr-xr-x  1 wruslan wruslan   732 Jan 17 15:55 get-version-from-git
-rw-r--r--  1 wruslan wruslan  3006 Jan 17 15:55 githelper.sh
-rw-r--r--  1 wruslan wruslan   105 Jan 17 15:55 .gitignore
-rwxr-xr-x  1 wruslan wruslan  1845 Jan 17 15:55 gladevcp_demo
-rwxr-xr-x  1 wruslan wruslan   318 Jan 17 17:27 halcmd_twopass
-rw-r--r--  1 wruslan wruslan   244 Jan 17 15:55 halcmd_twopass.in
-rwxr-xr-x  1 wruslan wruslan 16280 Jan 17 15:55 hal_demo
-rwxr-xr-x  1 wruslan wruslan 28633 Jan 17 15:55 hal-histogram
-rwxr-xr-x  1 wruslan wruslan 30935 Jan 17 15:55 halreport
-rwxr-xr-x  1 wruslan wruslan  3935 Jan 17 17:27 halrun
-rw-r--r--  1 wruslan wruslan  3849 Jan 17 15:55 halrun.in
-rwxr-xr-x  1 wruslan wruslan   810 Jan 17 17:27 haltcl
-rw-r--r--  1 wruslan wruslan   800 Jan 17 15:55 haltcl.in
-rwxr-xr-x  1 wruslan wruslan 25938 Jan 17 15:55 latency-histogram
-rwxr-xr-x  1 wruslan wruslan 17388 Jan 17 15:55 latency-plot
-rwxr-xr-x  1 wruslan wruslan  5537 Jan 17 15:55 latency-test
-rwxr-xr-x  1 wruslan wruslan 27375 Jan 17 17:27 linuxcnc     <=== RUN LINUXCNC
-rw-r--r--  1 wruslan wruslan 26925 Jan 17 15:55 linuxcnc.in
-rwxr-xr-x  1 wruslan wruslan  4398 Jan 17 15:55 linuxcnc_info
-rwxr-xr-x  1 wruslan wruslan   575 Jan 17 17:27 linuxcncmkdesktop
-rw-r--r--  1 wruslan wruslan   530 Jan 17 15:55 linuxcncmkdesktop.in
-rwxr-xr-x  1 wruslan wruslan  2884 Jan 17 17:27 linuxcnc_var
-rw-r--r--  1 wruslan wruslan  2708 Jan 17 15:55 linuxcnc_var.in
-rwxr-xr-x  1 wruslan wruslan  4400 Jan 17 15:55 monitor-xhc-hb04
-rwxr-xr-x  1 wruslan wruslan 31070 Jan 17 15:55 moveoff_gui
-rwxr-xr-x  1 wruslan wruslan  3271 Jan 17 15:55 platform-is-supported
-rwxr-xr-x  1 wruslan wruslan  2816 Jan 17 15:55 pyvcp_demo
-rwxr-xr-x  1 wruslan wruslan  6374 Jan 17 17:27 realtime
-rw-r--r--  1 wruslan wruslan  6173 Jan 17 15:55 realtime.in
-rwxr-xr-x  1 wruslan wruslan  4686 Jan 17 17:27 rip-environment  <=== TO CONFIGURE RUN
-rw-r--r--  1 wruslan wruslan  4534 Jan 17 15:55 rip-environment.in
-rw-r--r--  1 wruslan wruslan  1352 Jan 17 17:27 rtapi.conf
-rw-r--r--  1 wruslan wruslan  1526 Jan 17 15:55 rtapi.conf.in
-rwxr-xr-x  1 wruslan wruslan  5046 Jan 17 15:55 runtests
-rwxr-xr-x  1 wruslan wruslan 15776 Jan 17 16:11 sim_pin
-rwxr-xr-x  1 wruslan wruslan  1348 Jan 17 15:55 simulate_probe
-rwxr-xr-x  1 wruslan wruslan  2456 Jan 17 15:55 swish
-rwxr-xr-x  1 wruslan wruslan  5301 Jan 17 15:55 torture.py
-rwxr-xr-x  1 wruslan wruslan   164 Jan 17 15:55 travis-build-test.sh
-rwxr-xr-x  1 wruslan wruslan   325 Jan 17 15:55 travis-install-build-deps.sh
-rwxr-xr-x  1 wruslan wruslan 24123 Jan 17 15:55 update_ini
-rwxr-xr-x  1 wruslan wruslan   769 Jan 17 15:55 version-is-release
-rwxr-xr-x  1 wruslan wruslan   395 Jan 17 15:55 xhc-hb04-accels
wruslan@HP-EliteBook-8470p-Ub1804:~/apps/apps1/linuxcnc$ 

===========================================================
EXECUTE RUN ENVIRONMENT
===========================================================
wruslan@HP-EliteBook-8470p-Ub1804:~/apps/apps1/linuxcnc$ . scripts/rip-environment
wruslan@HP-EliteBook-8470p-Ub1804:~/apps/apps1/linuxcnc$ 

===========================================================
EXECUTE LINUXCNC (SUCCESSFULLY) SEE SCREENSHOTS
===========================================================
wruslan@HP-EliteBook-8470p-Ub1804:~/apps/apps1/linuxcnc$ linuxcnc
LINUXCNC - 2.8.0~pre1
Machine configuration directory is '/home/wruslan/apps/apps1/linuxcnc/configs/sim/axis'
Machine configuration file is 'axis.ini'
Starting LinuxCNC...

Found file(lib): /home/wruslan/apps/apps1/linuxcnc/lib/hallib/core_sim.hal
Note: Using POSIX realtime

Found file(lib): /home/wruslan/apps/apps1/linuxcnc/lib/hallib/sim_spindle_encoder.hal
Found file(lib): /home/wruslan/apps/apps1/linuxcnc/lib/hallib/axis_manualtoolchange.hal
Found file(lib): /home/wruslan/apps/apps1/linuxcnc/lib/hallib/simulated_home.hal
Found file(lib): /home/wruslan/apps/apps1/linuxcnc/lib/hallib/check_xyz_constraints.hal
link (updating variable file): No such file or directory
No option 'tto_g11' in section: 'DEFAULT'
No option 'show_program' in section: 'DEFAULT'
No option 'show_rapids' in section: 'DEFAULT'
No option 'program_alpha' in section: 'DEFAULT'
No option 'show_live_plot' in section: 'DEFAULT'
No option 'show_tool' in section: 'DEFAULT'
No option 'show_extents' in section: 'DEFAULT'
No option 'show_offsets' in section: 'DEFAULT'
No option 'grid_size' in section: 'DEFAULT'
No option 'show_machine_limits' in section: 'DEFAULT'
No option 'show_machine_speed' in section: 'DEFAULT'
No option 'show_distance_to_go' in section: 'DEFAULT'
No option 'dro_large_font' in section: 'DEFAULT'
No option 'block_delete' in section: 'DEFAULT'
No option 'optional_stop' in section: 'DEFAULT'
No option 'recentfiles' in section: 'DEFAULT'
note: MAXV     max: 5.000 units/sec 300.000 units/min
note: LJOG     max: 5.000 units/sec 300.000 units/min
note: LJOG default: 0.250 units/sec 15.000 units/min
note: jog_order='XYZ'
note: jog_invert=set([])
task: main loop took 0.025099 seconds
Shutting down and cleaning up LinuxCNC...
task: 78300 cycles, min=0.000015, max=0.025099, avg=0.001065, 1 latency excursions (> 10x expected cycle time of 0.001000s)
Note: Using POSIX realtime
wruslan@HP-EliteBook-8470p-Ub1804:~/apps/apps1/linuxcnc$ 

See screenshots.

Using POSIX realtime (PREEMPT RT). Ha ha ha, which is,
Ubuntu-18.04 4.19.94-rt38 #1 SMP PREEMPT RT.

===========================================================
ALHAMDULILLAH 3 TIMES.
===========================================================

